Archive member included to satisfy reference by file (symbol)

/usr/lib/gcc/arm-none-eabi/13.2.1/../../../arm-none-eabi/lib/thumb/v8-m.main+fp/softfp/libm.a(libm_a-wf_sqrt.o)
                              CMakeFiles/vera-programmer.dir/opt/pico-sdk/src/rp2_common/pico_float/float_math.c.o (sqrtf)
/usr/lib/gcc/arm-none-eabi/13.2.1/../../../arm-none-eabi/lib/thumb/v8-m.main+fp/softfp/libm.a(libm_a-ef_sqrt.o)
                              /usr/lib/gcc/arm-none-eabi/13.2.1/../../../arm-none-eabi/lib/thumb/v8-m.main+fp/softfp/libm.a(libm_a-wf_sqrt.o) (__ieee754_sqrtf)
/usr/lib/gcc/arm-none-eabi/13.2.1/thumb/v8-m.main+fp/softfp/libgcc.a(_arm_addsubdf3.o)
                              CMakeFiles/vera-programmer.dir/opt/pico-sdk/src/rp2_common/pico_float/float_math.c.o (__aeabi_f2d)
/usr/lib/gcc/arm-none-eabi/13.2.1/thumb/v8-m.main+fp/softfp/libgcc.a(_aeabi_ldivmod.o)
                              CMakeFiles/vera-programmer.dir/opt/pico-sdk/src/common/pico_time/time.c.o (__aeabi_ldivmod)
/usr/lib/gcc/arm-none-eabi/13.2.1/thumb/v8-m.main+fp/softfp/libgcc.a(_aeabi_uldivmod.o)
                              CMakeFiles/vera-programmer.dir/opt/pico-sdk/src/rp2_common/hardware_clocks/clocks.c.o (__aeabi_uldivmod)
/usr/lib/gcc/arm-none-eabi/13.2.1/thumb/v8-m.main+fp/softfp/libgcc.a(_udivmoddi4.o)
                              /usr/lib/gcc/arm-none-eabi/13.2.1/thumb/v8-m.main+fp/softfp/libgcc.a(_aeabi_ldivmod.o) (__udivmoddi4)
/usr/lib/gcc/arm-none-eabi/13.2.1/thumb/v8-m.main+fp/softfp/libgcc.a(_dvmd_tls.o)
                              /usr/lib/gcc/arm-none-eabi/13.2.1/thumb/v8-m.main+fp/softfp/libgcc.a(_aeabi_ldivmod.o) (__aeabi_ldiv0)
/usr/lib/gcc/arm-none-eabi/13.2.1/../../../arm-none-eabi/lib/thumb/v8-m.main+fp/softfp/libg.a(libc_a-memset.o)
                              /usr/lib/gcc/arm-none-eabi/13.2.1/../../../arm-none-eabi/lib/thumb/v8-m.main+fp/softfp/crt0.o (memset)
/usr/lib/gcc/arm-none-eabi/13.2.1/../../../arm-none-eabi/lib/thumb/v8-m.main+fp/softfp/libg.a(libc_a-calloc.o)
                              CMakeFiles/vera-programmer.dir/opt/pico-sdk/src/rp2_common/pico_malloc/malloc.c.o (calloc)
/usr/lib/gcc/arm-none-eabi/13.2.1/../../../arm-none-eabi/lib/thumb/v8-m.main+fp/softfp/libg.a(libc_a-errno.o)
                              /usr/lib/gcc/arm-none-eabi/13.2.1/../../../arm-none-eabi/lib/thumb/v8-m.main+fp/softfp/libm.a(libm_a-wf_sqrt.o) (__errno)
/usr/lib/gcc/arm-none-eabi/13.2.1/../../../arm-none-eabi/lib/thumb/v8-m.main+fp/softfp/libg.a(libc_a-impure.o)
                              /usr/lib/gcc/arm-none-eabi/13.2.1/../../../arm-none-eabi/lib/thumb/v8-m.main+fp/softfp/libg.a(libc_a-calloc.o) (_impure_ptr)
/usr/lib/gcc/arm-none-eabi/13.2.1/../../../arm-none-eabi/lib/thumb/v8-m.main+fp/softfp/libg.a(libc_a-callocr.o)
                              /usr/lib/gcc/arm-none-eabi/13.2.1/../../../arm-none-eabi/lib/thumb/v8-m.main+fp/softfp/libg.a(libc_a-calloc.o) (_calloc_r)
/usr/lib/gcc/arm-none-eabi/13.2.1/../../../arm-none-eabi/lib/thumb/v8-m.main+fp/softfp/libg.a(libc_a-realloc.o)
                              CMakeFiles/vera-programmer.dir/opt/pico-sdk/src/rp2_common/pico_malloc/malloc.c.o (realloc)
/usr/lib/gcc/arm-none-eabi/13.2.1/../../../arm-none-eabi/lib/thumb/v8-m.main+fp/softfp/libg.a(libc_a-mallocr.o)
                              /usr/lib/gcc/arm-none-eabi/13.2.1/../../../arm-none-eabi/lib/thumb/v8-m.main+fp/softfp/libg.a(libc_a-callocr.o) (_malloc_r)
/usr/lib/gcc/arm-none-eabi/13.2.1/../../../arm-none-eabi/lib/thumb/v8-m.main+fp/softfp/libg.a(libc_a-freer.o)
                              /usr/lib/gcc/arm-none-eabi/13.2.1/../../../arm-none-eabi/lib/thumb/v8-m.main+fp/softfp/libg.a(libc_a-mallocr.o) (_free_r)
/usr/lib/gcc/arm-none-eabi/13.2.1/../../../arm-none-eabi/lib/thumb/v8-m.main+fp/softfp/libg.a(libc_a-memcmp.o)
                              CMakeFiles/vera-programmer.dir/opt/pico-sdk/src/rp2_common/pico_atomic/atomic.c.o (memcmp)
/usr/lib/gcc/arm-none-eabi/13.2.1/../../../arm-none-eabi/lib/thumb/v8-m.main+fp/softfp/libg.a(libc_a-malloc.o)
                              CMakeFiles/vera-programmer.dir/opt/pico-sdk/src/rp2_common/pico_malloc/malloc.c.o (malloc)
/usr/lib/gcc/arm-none-eabi/13.2.1/../../../arm-none-eabi/lib/thumb/v8-m.main+fp/softfp/libg.a(libc_a-memcpy.o)
                              CMakeFiles/vera-programmer.dir/opt/pico-sdk/src/common/pico_util/queue.c.o (memcpy)
/usr/lib/gcc/arm-none-eabi/13.2.1/../../../arm-none-eabi/lib/thumb/v8-m.main+fp/softfp/libg.a(libc_a-sysconf.o)
                              /usr/lib/gcc/arm-none-eabi/13.2.1/../../../arm-none-eabi/lib/thumb/v8-m.main+fp/softfp/libg.a(libc_a-mallocr.o) (sysconf)
/usr/lib/gcc/arm-none-eabi/13.2.1/../../../arm-none-eabi/lib/thumb/v8-m.main+fp/softfp/libg.a(libc_a-init.o)
                              /usr/lib/gcc/arm-none-eabi/13.2.1/../../../arm-none-eabi/lib/thumb/v8-m.main+fp/softfp/crt0.o (__libc_init_array)
/usr/lib/gcc/arm-none-eabi/13.2.1/../../../arm-none-eabi/lib/thumb/v8-m.main+fp/softfp/libg.a(libc_a-reallocr.o)
[...]
Memory Configuration

Name             Origin             Length             Attributes
FLASH            0x10000000         0x00400000         xr
RAM              0x20000000         0x00080000         xrw
SCRATCH_X        0x20080000         0x00001000         xrw
SCRATCH_Y        0x20081000         0x00001000         xrw
*default*        0x00000000         0xffffffff

Linker script and memory map

LOAD /usr/lib/gcc/arm-none-eabi/13.2.1/thumb/v8-m.main+fp/softfp/crti.o
LOAD /usr/lib/gcc/arm-none-eabi/13.2.1/thumb/v8-m.main+fp/softfp/crtbegin.o
LOAD /usr/lib/gcc/arm-none-eabi/13.2.1/../../../arm-none-eabi/lib/thumb/v8-m.main+fp/softfp/crt0.o

.flash_begin    0x10000000        0x0
                0x10000000                        __flash_binary_start = .

.text           0x10000000     0x4ee4
                0x10000000                        __logical_binary_start = .
 *(.vectors)
 .vectors       0x10000000      0x124 CMakeFiles/vera-programmer.dir/opt/pico-sdk/src/rp2_common/pico_crt0/crt0.S.o
                0x10000000                __vectors
                0x10000000                __VECTOR_TABLE
                0x10000110                isr_invalid
                0x10000110                __default_isrs_start
                0x10000112                isr_nmi
                0x10000114                isr_hardfault
                0x10000116                isr_svcall
                0x10000118                isr_pendsv
                0x1000011a                isr_systick
                0x1000011c                isr_irq30
                0x1000011c                __unhandled_user_irq
                0x1000011c                isr_irq49
                0x1000011c                isr_irq13
                0x1000011c                isr_irq43
                0x1000011c                isr_irq45
                0x1000011c                isr_irq27
                0x1000011c                isr_irq32
                0x1000011c                isr_irq31
                0x1000011c                isr_irq5
                0x1000011c                isr_irq11
                0x1000011c                isr_irq23
                0x1000011c                isr_irq48
                0x1000011c                isr_irq35
                0x1000011c                isr_irq18
                0x1000011c                isr_irq50
                0x1000011c                isr_irq40
                0x1000011c                isr_irq28
                0x1000011c                isr_irq19
                0x1000011c                isr_irq36
                0x1000011c                isr_irq41
                0x1000011c                isr_irq0
                0x1000011c                isr_irq6
                0x1000011c                isr_irq37
                0x1000011c                isr_irq42
                0x1000011c                isr_irq22
                0x1000011c                isr_irq17
                0x1000011c                isr_irq38
                0x1000011c                isr_irq14
                0x1000011c                isr_irq2
                0x1000011c                isr_irq10
                0x1000011c                isr_irq8
                0x1000011c                isr_irq24
                0x1000011c                isr_irq46
                0x1000011c                isr_irq1
                0x1000011c                isr_irq47
                0x1000011c                isr_irq51
                0x1000011c                isr_irq7
                0x1000011c                isr_irq21
                0x1000011c                isr_irq39
                0x1000011c                isr_irq20
                0x1000011c                isr_irq15
                0x1000011c                isr_irq25
                0x1000011c                isr_irq34
                0x1000011c                isr_irq4
                0x1000011c                isr_irq16
                0x1000011c                isr_irq44
                0x1000011c                isr_irq29
                0x1000011c                isr_irq26
                0x1000011c                __default_isrs_end
                0x1000011c                isr_irq33
                0x1000011c                isr_irq3
                0x1000011c                isr_irq12
                0x1000011c                isr_irq9
                0x10000122                unhandled_user_irq_num_in_r0
 *(.binary_info_header)
 .binary_info_header
                0x10000124       0x14 CMakeFiles/vera-programmer.dir/opt/pico-sdk/src/rp2_common/pico_crt0/crt0.S.o
                0x10000138                        __binary_info_header_end = .
 *(.embedded_block)
 .embedded_block
                0x10000138       0x14 CMakeFiles/vera-programmer.dir/opt/pico-sdk/src/rp2_common/pico_crt0/crt0.S.o
                0x1000014c                        __embedded_block_end = .
 *(.reset)
 .reset         0x1000014c       0xa0 CMakeFiles/vera-programmer.dir/opt/pico-sdk/src/rp2_common/pico_crt0/crt0.S.o
                0x1000014c                _entry_point
 *(.init)
 .init          0x100001ec        0x4 /usr/lib/gcc/arm-none-eabi/13.2.1/thumb/v8-m.main+fp/softfp/crti.o
                0x100001ec                _init
 *libgcc.a:cmse_nonsecure_call.o()
 *(EXCLUDE_FILE(*libm.a: *libc.a:*lib_a-mem*.o *libgcc.a:) .text*)
 .text          0x100001f0       0x8c /usr/lib/gcc/arm-none-eabi/13.2.1/thumb/v8-m.main+fp/softfp/crtbegin.o
 .text.startup.main
                0x1000027c      0x2a0 CMakeFiles/vera-programmer.dir/main.c.o
                0x1000027c                main
 .text.command_get_uint8
                0x1000051c       0x48 CMakeFiles/vera-programmer.dir/commands.c.o
                0x1000051c                command_get_uint8
 .text.command_get_uint16
                0x10000564       0x90 CMakeFiles/vera-programmer.dir/commands.c.o
                0x10000564                command_get_uint16
 .text.command_echo
                0x100005f4       0x18 CMakeFiles/vera-programmer.dir/commands.c.o
                0x100005f4                command_echo
 .text.command_matches
                0x1000060c       0x20 CMakeFiles/vera-programmer.dir/commands.c.o
                0x1000060c                command_matches
 .text.fpga_release_and_check_boot
                0x1000062c       0x54 CMakeFiles/vera-programmer.dir/commands.c.o
                0x1000062c                fpga_release_and_check_boot
 .text.fpga_reset_hold
                0x10000680       0x44 CMakeFiles/vera-programmer.dir/commands.c.o
                0x10000680                fpga_reset_hold
 .text.programmer_write_id
                0x100006c4       0x1c CMakeFiles/vera-programmer.dir/flash.c.o
                0x100006c4                programmer_write_id
 .text.flash_read_jedec_id
                0x100006e0       0x64 CMakeFiles/vera-programmer.dir/flash.c.o
                0x100006e0                flash_read_jedec_id
 .text.flash_reset
                0x10000744       0x64 CMakeFiles/vera-programmer.dir/flash.c.o
                0x10000744                flash_reset
 .text.flash_check_block_erased
                0x100007a8       0xbc CMakeFiles/vera-programmer.dir/flash.c.o
                0x100007a8                flash_check_block_erased
 .text.flash_read_page
                0x10000864       0xb4 CMakeFiles/vera-programmer.dir/flash.c.o
                0x10000864                flash_read_page
 .text.flash_cs_deselect
                0x10000918        0xc CMakeFiles/vera-programmer.dir/flash.c.o
                0x10000918                flash_cs_deselect
 .text.flash_wait_busy
                0x10000924       0x98 CMakeFiles/vera-programmer.dir/flash.c.o
                0x10000924                flash_wait_busy
 .text.flash_erase_block_64k
                0x100009bc       0xd8 CMakeFiles/vera-programmer.dir/flash.c.o
                0x100009bc                flash_erase_block_64k
 .text.flash_write_sector
                0x10000a94      0x220 CMakeFiles/vera-programmer.dir/flash.c.o
                0x10000a94                flash_write_sector
 .text.gpio_set_function
                0x10000cb4       0x3c CMakeFiles/vera-programmer.dir/opt/pico-sdk/src/rp2_common/hardware_gpio/gpio.c.o
                0x10000cb4                gpio_set_function
 .text.gpio_set_pulls
                0x10000cf0       0x28 CMakeFiles/vera-programmer.dir/opt/pico-sdk/src/rp2_common/hardware_gpio/gpio.c.o
                0x10000cf0                gpio_set_pulls
 .text.gpio_init
                0x10000d18       0x48 CMakeFiles/vera-programmer.dir/opt/pico-sdk/src/rp2_common/hardware_gpio/gpio.c.o
                0x10000d18                gpio_init
 .text.panic    0x10000d60       0x30 CMakeFiles/vera-programmer.dir/opt/pico-sdk/src/rp2_common/pico_platform_panic/panic.c.o
                0x10000d60                panic
 .text.hw_claim_or_assert
                0x10000d90       0x58 CMakeFiles/vera-programmer.dir/opt/pico-sdk/src/common/hardware_claim/claim.c.o
                0x10000d90                hw_claim_or_assert
 .text.hw_claim_unused_from_range
                0x10000de8       0x9c CMakeFiles/vera-programmer.dir/opt/pico-sdk/src/common/hardware_claim/claim.c.o
                0x10000de8                hw_claim_unused_from_range
 .text.next_striped_spin_lock_num
                0x10000e84       0x18 CMakeFiles/vera-programmer.dir/opt/pico-sdk/src/rp2_common/hardware_sync/sync.c.o
                0x10000e84                next_striped_spin_lock_num
 .text.spin_lock_claim_unused
                0x10000e9c       0x20 CMakeFiles/vera-programmer.dir/opt/pico-sdk/src/rp2_common/hardware_sync/sync.c.o
                0x10000e9c                spin_lock_claim_unused
 .text.spinlock_set_extexclall
                0x10000ebc       0x10 CMakeFiles/vera-programmer.dir/opt/pico-sdk/src/rp2_common/hardware_sync_spin_lock/sync_spin_lock.c.o
 .text.spin_locks_reset
                0x10000ecc       0x18 CMakeFiles/vera-programmer.dir/opt/pico-sdk/src/rp2_common/hardware_sync_spin_lock/sync_spin_lock.c.o
                0x10000ecc                spin_locks_reset
 .text.runtime_init_per_core_irq_priorities
                0x10000ee4       0x40 CMakeFiles/vera-programmer.dir/opt/pico-sdk/src/rp2_common/hardware_irq/irq.c.o
                0x10000ee4                runtime_init_per_core_irq_priorities
 .text.irq_set_enabled
                0x10000f24       0x2c CMakeFiles/vera-programmer.dir/opt/pico-sdk/src/rp2_common/hardware_irq/irq.c.o
                0x10000f24                irq_set_enabled
 .text.irq_is_enabled
                0x10000f50       0x20 CMakeFiles/vera-programmer.dir/opt/pico-sdk/src/rp2_common/hardware_irq/irq.c.o
                0x10000f50                irq_is_enabled
 .text.irq_set_pending
                0x10000f70       0x18 CMakeFiles/vera-programmer.dir/opt/pico-sdk/src/rp2_common/hardware_irq/irq.c.o
                0x10000f70                irq_set_pending
 .text.irq_has_shared_handler
                0x10000f88       0x20 CMakeFiles/vera-programmer.dir/opt/pico-sdk/src/rp2_common/hardware_irq/irq.c.o
                0x10000f88                irq_has_shared_handler
 .text.irq_set_exclusive_handler
                0x10000fa8       0x60 CMakeFiles/vera-programmer.dir/opt/pico-sdk/src/rp2_common/hardware_irq/irq.c.o
                0x10000fa8                irq_set_exclusive_handler
 .text.irq_add_shared_handler
                0x10001008      0x1e8 CMakeFiles/vera-programmer.dir/opt/pico-sdk/src/rp2_common/hardware_irq/irq.c.o
                0x10001008                irq_add_shared_handler
 .text.irq_add_tail_to_free_list
                0x100011f0       0xbc CMakeFiles/vera-programmer.dir/opt/pico-sdk/src/rp2_common/hardware_irq/irq.c.o
                0x100011f0                irq_add_tail_to_free_list
 .text.user_irq_claim_unused
                0x100012ac       0x28 CMakeFiles/vera-programmer.dir/opt/pico-sdk/src/rp2_common/hardware_irq/irq.c.o
                0x100012ac                user_irq_claim_unused
 .text.lock_init
                0x100012d4        0xc CMakeFiles/vera-programmer.dir/opt/pico-sdk/src/common/pico_sync/lock_core.c.o
                0x100012d4                lock_init
 .text.runtime_init_mutex
                0x100012e0       0x4c CMakeFiles/vera-programmer.dir/opt/pico-sdk/src/common/pico_sync/mutex.c.o
                0x100012e0                runtime_init_mutex
 .text.mutex_init
                0x1000132c       0x1c CMakeFiles/vera-programmer.dir/opt/pico-sdk/src/common/pico_sync/mutex.c.o
                0x1000132c                mutex_init
 .text.critical_section_init
                0x10001348       0x1c CMakeFiles/vera-programmer.dir/opt/pico-sdk/src/common/pico_sync/critical_section.c.o
                0x10001348                critical_section_init
 .text.critical_section_init_with_lock_num
                0x10001364       0x10 CMakeFiles/vera-programmer.dir/opt/pico-sdk/src/common/pico_sync/critical_section.c.o
                0x10001364                critical_section_init_with_lock_num
 .text.sleep_until_callback
                0x10001374       0x3c CMakeFiles/vera-programmer.dir/opt/pico-sdk/src/common/pico_time/time.c.o
 .text.alarm_pool_irq_handler
                0x100013b0      0x2f0 CMakeFiles/vera-programmer.dir/opt/pico-sdk/src/common/pico_time/time.c.o
 .text.runtime_init_default_alarm_pool
                0x100016a0      0x100 CMakeFiles/vera-programmer.dir/opt/pico-sdk/src/common/pico_time/time.c.o
                0x100016a0                runtime_init_default_alarm_pool
 .text.alarm_pool_get_default
                0x100017a0        0x8 CMakeFiles/vera-programmer.dir/opt/pico-sdk/src/common/pico_time/time.c.o
                0x100017a0                alarm_pool_get_default
 .text.alarm_pool_add_alarm_at
                0x100017a8       0xdc CMakeFiles/vera-programmer.dir/opt/pico-sdk/src/common/pico_time/time.c.o
                0x100017a8                alarm_pool_add_alarm_at
 .text.alarm_pool_add_alarm_at_force_in_context
                0x10001884       0xc8 CMakeFiles/vera-programmer.dir/opt/pico-sdk/src/common/pico_time/time.c.o
                0x10001884                alarm_pool_add_alarm_at_force_in_context
 .text.alarm_pool_cancel_alarm
                0x1000194c       0x80 CMakeFiles/vera-programmer.dir/opt/pico-sdk/src/common/pico_time/time.c.o
                0x1000194c                alarm_pool_cancel_alarm
 .text.alarm_pool_core_num
                0x100019cc        0x4 CMakeFiles/vera-programmer.dir/opt/pico-sdk/src/common/pico_time/time.c.o
                0x100019cc                alarm_pool_core_num
 .text.sleep_until
                0x100019d0       0xbc CMakeFiles/vera-programmer.dir/opt/pico-sdk/src/common/pico_time/time.c.o
                0x100019d0                sleep_until
 .text.sleep_ms
                0x10001a8c       0x2c CMakeFiles/vera-programmer.dir/opt/pico-sdk/src/common/pico_time/time.c.o
                0x10001a8c                sleep_ms
 .text.best_effort_wfe_or_timeout
                0x10001ab8       0xbc CMakeFiles/vera-programmer.dir/opt/pico-sdk/src/common/pico_time/time.c.o
                0x10001ab8                best_effort_wfe_or_timeout
 .text.timer_hardware_alarm_claim
                0x10001b74       0x24 CMakeFiles/vera-programmer.dir/opt/pico-sdk/src/rp2_common/hardware_timer/timer.c.o
                0x10001b74                timer_hardware_alarm_claim
 .text.timer_time_us_64
                0x10001b98       0x10 CMakeFiles/vera-programmer.dir/opt/pico-sdk/src/rp2_common/hardware_timer/timer.c.o
                0x10001b98                timer_time_us_64
 .text.time_us_64
                0x10001ba8       0x14 CMakeFiles/vera-programmer.dir/opt/pico-sdk/src/rp2_common/hardware_timer/timer.c.o
                0x10001ba8                time_us_64
 .text.busy_wait_until
                0x10001bbc       0x24 CMakeFiles/vera-programmer.dir/opt/pico-sdk/src/rp2_common/hardware_timer/timer.c.o
                0x10001bbc                busy_wait_until
 .text.clock_configure_undivided
                0x10001be0       0xd0 CMakeFiles/vera-programmer.dir/opt/pico-sdk/src/rp2_common/hardware_clocks/clocks.c.o
                0x10001be0                clock_configure_undivided
 .text.clock_get_hz
                0x10001cb0        0xc CMakeFiles/vera-programmer.dir/opt/pico-sdk/src/rp2_common/hardware_clocks/clocks.c.o
                0x10001cb0                clock_get_hz
 .text.pll_init
                0x10001cbc       0x8c CMakeFiles/vera-programmer.dir/opt/pico-sdk/src/rp2_common/hardware_pll/pll.c.o
                0x10001cbc                pll_init
 .text.watchdog_reboot
                0x10001d48       0x98 CMakeFiles/vera-programmer.dir/opt/pico-sdk/src/rp2_common/hardware_watchdog/watchdog.c.o
                0x10001d48                watchdog_reboot
 .text.tick_start
                0x10001de0       0x18 CMakeFiles/vera-programmer.dir/opt/pico-sdk/src/rp2_common/hardware_ticks/ticks.c.o
                0x10001de0                tick_start
 .text.rom_reboot.constprop.0.isra.0
                0x10001df8       0x34 CMakeFiles/vera-programmer.dir/opt/pico-sdk/src/rp2_common/pico_bootrom/bootrom.c.o
 .text.rom_func_lookup
                0x10001e2c       0x18 CMakeFiles/vera-programmer.dir/opt/pico-sdk/src/rp2_common/pico_bootrom/bootrom.c.o
                0x10001e2c                rom_func_lookup
 .text.rom_reset_usb_boot_extra
                0x10001e44       0x1c CMakeFiles/vera-programmer.dir/opt/pico-sdk/src/rp2_common/pico_bootrom/bootrom.c.o
                0x10001e44                rom_reset_usb_boot_extra
 .text.runtime_init_bootrom_locking_enable
                0x10001e60       0x14 CMakeFiles/vera-programmer.dir/opt/pico-sdk/src/rp2_common/pico_bootrom/bootrom_lock.c.o
                0x10001e60                runtime_init_bootrom_locking_enable
 .text.runtime_init_boot_locks_reset
                0x10001e74       0x1c CMakeFiles/vera-programmer.dir/opt/pico-sdk/src/rp2_common/hardware_boot_lock/boot_lock.c.o
                0x10001e74                runtime_init_boot_locks_reset
 .text.xosc_init
                0x10001e90       0x30 CMakeFiles/vera-programmer.dir/opt/pico-sdk/src/rp2_common/hardware_xosc/xosc.c.o
                0x10001e90                xosc_init
 .text.first_per_core_initializer
                0x10001ec0        0x4 CMakeFiles/vera-programmer.dir/opt/pico-sdk/src/rp2_common/pico_runtime/runtime.c.o
 .text.hard_assertion_failure
                0x10001ec4        0xc CMakeFiles/vera-programmer.dir/opt/pico-sdk/src/rp2_common/pico_runtime/runtime.c.o
                0x10001ec4                hard_assertion_failure
 .text.runtime_run_initializers
                0x10001ed0       0x20 CMakeFiles/vera-programmer.dir/opt/pico-sdk/src/rp2_common/pico_runtime/runtime.c.o
                0x10001ed0                runtime_run_initializers
 .text.runtime_init_early_resets
                0x10001ef0       0x34 CMakeFiles/vera-programmer.dir/opt/pico-sdk/src/rp2_common/pico_runtime_init/runtime_init.c.o
                0x10001ef0                runtime_init_early_resets
 .text.runtime_init_usb_power_down
                0x10001f24       0x1c CMakeFiles/vera-programmer.dir/opt/pico-sdk/src/rp2_common/pico_runtime_init/runtime_init.c.o
                0x10001f24                runtime_init_usb_power_down
 .text.runtime_init_per_core_enable_coprocessors
                0x10001f40       0x1c CMakeFiles/vera-programmer.dir/opt/pico-sdk/src/rp2_common/pico_runtime_init/runtime_init.c.o
                0x10001f40                runtime_init_per_core_enable_coprocessors
 .text.runtime_init_post_clock_resets
                0x10001f5c       0x20 CMakeFiles/vera-programmer.dir/opt/pico-sdk/src/rp2_common/pico_runtime_init/runtime_init.c.o
                0x10001f5c                runtime_init_post_clock_resets
 .text.runtime_init_bootrom_reset
                0x10001f7c       0x14 CMakeFiles/vera-programmer.dir/opt/pico-sdk/src/rp2_common/pico_runtime_init/runtime_init.c.o
                0x10001f7c                runtime_init_bootrom_reset
 .text.runtime_init_per_core_bootrom_reset
                0x10001f90       0x14 CMakeFiles/vera-programmer.dir/opt/pico-sdk/src/rp2_common/pico_runtime_init/runtime_init.c.o
                0x10001f90                runtime_init_per_core_bootrom_reset
 .text.runtime_init_spin_locks_reset
                0x10001fa4        0x4 CMakeFiles/vera-programmer.dir/opt/pico-sdk/src/rp2_common/pico_runtime_init/runtime_init.c.o
                0x10001fa4                runtime_init_spin_locks_reset
 .text.runtime_init_install_ram_vector_table
                0x10001fa8       0x20 CMakeFiles/vera-programmer.dir/opt/pico-sdk/src/rp2_common/pico_runtime_init/runtime_init.c.o
                0x10001fa8                runtime_init_install_ram_vector_table
 .text.runtime_init_clocks
                0x10001fc8       0xdc CMakeFiles/vera-programmer.dir/opt/pico-sdk/src/rp2_common/pico_runtime_init/runtime_init_clocks.c.o
                0x10001fc8                runtime_init_clocks
 .text._out_char
                0x100020a4        0x8 CMakeFiles/vera-programmer.dir/opt/pico-sdk/src/rp2_common/pico_printf/printf.c.o
 .text.weak_raw_vprintf
                0x100020ac       0x30 CMakeFiles/vera-programmer.dir/opt/pico-sdk/src/rp2_common/pico_printf/printf.c.o
                0x100020ac                weak_raw_vprintf
 .text._exit    0x100020dc        0x4 CMakeFiles/vera-programmer.dir/opt/pico-sdk/src/rp2_common/pico_clib_interface/newlib_interface.c.o
                0x100020dc                _exit
 .text.exit     0x100020e0        0x8 CMakeFiles/vera-programmer.dir/opt/pico-sdk/src/rp2_common/pico_clib_interface/newlib_interface.c.o
                0x100020e0                exit
 .text.runtime_init
                0x100020e8       0x24 CMakeFiles/vera-programmer.dir/opt/pico-sdk/src/rp2_common/pico_clib_interface/newlib_interface.c.o
                0x100020e8                runtime_init
 .text.stdio_out_chars_no_crlf
                0x1000210c        0x8 CMakeFiles/vera-programmer.dir/opt/pico-sdk/src/rp2_common/pico_stdio/stdio.c.o
 .text.stdio_out_chars_crlf
                0x10002114       0xac CMakeFiles/vera-programmer.dir/opt/pico-sdk/src/rp2_common/pico_stdio/stdio.c.o
 .text.stdio_put_string
                0x100021c0       0xf0 CMakeFiles/vera-programmer.dir/opt/pico-sdk/src/rp2_common/pico_stdio/stdio.c.o
                0x100021c0                stdio_put_string
 .text.stdio_set_driver_enabled
                0x100022b0       0x30 CMakeFiles/vera-programmer.dir/opt/pico-sdk/src/rp2_common/pico_stdio/stdio.c.o
                0x100022b0                stdio_set_driver_enabled
 .text.stdio_init_all
                0x100022e0        0x4 CMakeFiles/vera-programmer.dir/opt/pico-sdk/src/rp2_common/pico_stdio/stdio.c.o
                0x100022e0                stdio_init_all
 .text.__wrap_putchar
                0x100022e4       0x84 CMakeFiles/vera-programmer.dir/opt/pico-sdk/src/rp2_common/pico_stdio/stdio.c.o
                0x100022e4                stdio_putchar
                0x100022e4                __wrap_putchar
 .text.__wrap_puts
                0x10002368       0x3c CMakeFiles/vera-programmer.dir/opt/pico-sdk/src/rp2_common/pico_stdio/stdio.c.o
                0x10002368                __wrap_puts
                0x10002368                stdio_puts
 .text.resetd_init
                0x100023a4        0x4 CMakeFiles/vera-programmer.dir/opt/pico-sdk/src/rp2_common/pico_stdio_usb/reset_interface.c.o
 .text.resetd_reset
                0x100023a8        0xc CMakeFiles/vera-programmer.dir/opt/pico-sdk/src/rp2_common/pico_stdio_usb/reset_interface.c.o
 .text.resetd_open
                0x100023b4       0x28 CMakeFiles/vera-programmer.dir/opt/pico-sdk/src/rp2_common/pico_stdio_usb/reset_interface.c.o
 .text.resetd_xfer_cb
                0x100023dc        0x4 CMakeFiles/vera-programmer.dir/opt/pico-sdk/src/rp2_common/pico_stdio_usb/reset_interface.c.o
 .text.resetd_control_xfer_cb
                0x100023e0       0x50 CMakeFiles/vera-programmer.dir/opt/pico-sdk/src/rp2_common/pico_stdio_usb/reset_interface.c.o
 .text.tud_descriptor_bos_cb
                0x10002430        0x8 CMakeFiles/vera-programmer.dir/opt/pico-sdk/src/rp2_common/pico_stdio_usb/reset_interface.c.o
                0x10002430                tud_descriptor_bos_cb
 .text.tud_vendor_control_xfer_cb
                0x10002438       0x28 CMakeFiles/vera-programmer.dir/opt/pico-sdk/src/rp2_common/pico_stdio_usb/reset_interface.c.o
                0x10002438                tud_vendor_control_xfer_cb
 .text.usbd_app_driver_get_cb
                0x10002460       0x10 CMakeFiles/vera-programmer.dir/opt/pico-sdk/src/rp2_common/pico_stdio_usb/reset_interface.c.o
                0x10002460                usbd_app_driver_get_cb
 .text.tud_cdc_line_coding_cb
                0x10002470       0x18 CMakeFiles/vera-programmer.dir/opt/pico-sdk/src/rp2_common/pico_stdio_usb/reset_interface.c.o
                0x10002470                tud_cdc_line_coding_cb
 .text.stdio_usb_set_chars_available_callback
                0x10002488       0x14 CMakeFiles/vera-programmer.dir/opt/pico-sdk/src/rp2_common/pico_stdio_usb/stdio_usb.c.o
                0x10002488                stdio_usb_set_chars_available_callback
 .text.timer_task
                0x1000249c       0x70 CMakeFiles/vera-programmer.dir/opt/pico-sdk/src/rp2_common/pico_stdio_usb/stdio_usb.c.o
 .text.usb_irq  0x1000250c        0xc CMakeFiles/vera-programmer.dir/opt/pico-sdk/src/rp2_common/pico_stdio_usb/stdio_usb.c.o
 .text.stdio_usb_in_chars
                0x10002518       0x88 CMakeFiles/vera-programmer.dir/opt/pico-sdk/src/rp2_common/pico_stdio_usb/stdio_usb.c.o
                0x10002518                stdio_usb_in_chars
 .text.stdio_usb_out_flush
                0x100025a0       0x54 CMakeFiles/vera-programmer.dir/opt/pico-sdk/src/rp2_common/pico_stdio_usb/stdio_usb.c.o
 .text.stdio_usb_out_chars
                0x100025f4       0xf4 CMakeFiles/vera-programmer.dir/opt/pico-sdk/src/rp2_common/pico_stdio_usb/stdio_usb.c.o
 .text.low_priority_worker_irq
                0x100026e8       0xd8 CMakeFiles/vera-programmer.dir/opt/pico-sdk/src/rp2_common/pico_stdio_usb/stdio_usb.c.o
 .text.stdio_usb_init
                0x100027c0       0xe8 CMakeFiles/vera-programmer.dir/opt/pico-sdk/src/rp2_common/pico_stdio_usb/stdio_usb.c.o
                0x100027c0                stdio_usb_init
 .text.tud_descriptor_device_cb
                0x100028a8        0x8 CMakeFiles/vera-programmer.dir/opt/pico-sdk/src/rp2_common/pico_stdio_usb/stdio_usb_descriptors.c.o
                0x100028a8                tud_descriptor_device_cb
 .text.tud_descriptor_configuration_cb
                0x100028b0        0x8 CMakeFiles/vera-programmer.dir/opt/pico-sdk/src/rp2_common/pico_stdio_usb/stdio_usb_descriptors.c.o
                0x100028b0                tud_descriptor_configuration_cb
 .text.tud_descriptor_string_cb
                0x100028b8       0x70 CMakeFiles/vera-programmer.dir/opt/pico-sdk/src/rp2_common/pico_stdio_usb/stdio_usb_descriptors.c.o
                0x100028b8                tud_descriptor_string_cb
 .text.startup._retrieve_unique_id_on_boot
                0x10002928       0x30 CMakeFiles/vera-programmer.dir/opt/pico-sdk/src/rp2_common/pico_unique_id/unique_id.c.o
 .text.pico_get_unique_board_id_string
                0x10002958      0x184 CMakeFiles/vera-programmer.dir/opt/pico-sdk/src/rp2_common/pico_unique_id/unique_id.c.o
                0x10002958                pico_get_unique_board_id_string
 .text.dcd_init
                0x10002adc       0x90 CMakeFiles/vera-programmer.dir/opt/pico-sdk/lib/tinyusb/src/portable/raspberrypi/rp2040/dcd_rp2040.c.o
                0x10002adc                dcd_init
 .text.dcd_int_enable
                0x10002b6c        0x8 CMakeFiles/vera-programmer.dir/opt/pico-sdk/lib/tinyusb/src/portable/raspberrypi/rp2040/dcd_rp2040.c.o
                0x10002b6c                dcd_int_enable
 .text.dcd_set_address
                0x10002b74       0x10 CMakeFiles/vera-programmer.dir/opt/pico-sdk/lib/tinyusb/src/portable/raspberrypi/rp2040/dcd_rp2040.c.o
                0x10002b74                dcd_set_address
 .text.dcd_sof_enable
                0x10002b84       0x1c CMakeFiles/vera-programmer.dir/opt/pico-sdk/lib/tinyusb/src/portable/raspberrypi/rp2040/dcd_rp2040.c.o
                0x10002b84                dcd_sof_enable
 .text.dcd_edpt0_status_complete
                0x10002ba0       0x1c CMakeFiles/vera-programmer.dir/opt/pico-sdk/lib/tinyusb/src/portable/raspberrypi/rp2040/dcd_rp2040.c.o
                0x10002ba0                dcd_edpt0_status_complete
 .text.dcd_edpt_open
                0x10002bbc      0x108 CMakeFiles/vera-programmer.dir/opt/pico-sdk/lib/tinyusb/src/portable/raspberrypi/rp2040/dcd_rp2040.c.o
                0x10002bbc                dcd_edpt_open
 .text.dcd_edpt_close_all
                0x10002cc4        0x4 CMakeFiles/vera-programmer.dir/opt/pico-sdk/lib/tinyusb/src/portable/raspberrypi/rp2040/dcd_rp2040.c.o
                0x10002cc4                dcd_edpt_close_all
 .text.dcd_edpt_xfer
                0x10002cc8       0x28 CMakeFiles/vera-programmer.dir/opt/pico-sdk/lib/tinyusb/src/portable/raspberrypi/rp2040/dcd_rp2040.c.o
                0x10002cc8                dcd_edpt_xfer
 .text.dcd_edpt_stall
                0x10002cf0       0x2c CMakeFiles/vera-programmer.dir/opt/pico-sdk/lib/tinyusb/src/portable/raspberrypi/rp2040/dcd_rp2040.c.o
                0x10002cf0                dcd_edpt_stall
 .text.dcd_edpt_clear_stall
                0x10002d1c       0x2c CMakeFiles/vera-programmer.dir/opt/pico-sdk/lib/tinyusb/src/portable/raspberrypi/rp2040/dcd_rp2040.c.o
                0x10002d1c                dcd_edpt_clear_stall
 .text.rp2040_usb_init
                0x10002d48       0x40 CMakeFiles/vera-programmer.dir/opt/pico-sdk/lib/tinyusb/src/portable/raspberrypi/rp2040/rp2040_usb.c.o
                0x10002d48                rp2040_usb_init
 .text.hw_endpoint_xfer_start
                0x10002d88       0x40 CMakeFiles/vera-programmer.dir/opt/pico-sdk/lib/tinyusb/src/portable/raspberrypi/rp2040/rp2040_usb.c.o
                0x10002d88                hw_endpoint_xfer_start
 .text.configuration_reset
                0x10002dc8       0x8c CMakeFiles/vera-programmer.dir/opt/pico-sdk/lib/tinyusb/src/device/usbd.c.o
 .text.tud_event_hook_cb
                0x10002e54        0x4 CMakeFiles/vera-programmer.dir/opt/pico-sdk/lib/tinyusb/src/device/usbd.c.o
                0x10002e54                tud_event_hook_cb
 .text.tud_sof_cb
                0x10002e58        0x4 CMakeFiles/vera-programmer.dir/opt/pico-sdk/lib/tinyusb/src/device/usbd.c.o
                0x10002e58                tud_sof_cb
 .text.tud_descriptor_device_qualifier_cb
                0x10002e5c        0x4 CMakeFiles/vera-programmer.dir/opt/pico-sdk/lib/tinyusb/src/device/usbd.c.o
                0x10002e5c                tud_descriptor_device_qualifier_cb
 .text.tud_descriptor_other_speed_configuration_cb
                0x10002e60        0x4 CMakeFiles/vera-programmer.dir/opt/pico-sdk/lib/tinyusb/src/device/usbd.c.o
                0x10002e60                tud_descriptor_other_speed_configuration_cb
 .text.tud_mount_cb
                0x10002e64        0x4 CMakeFiles/vera-programmer.dir/opt/pico-sdk/lib/tinyusb/src/device/usbd.c.o
                0x10002e64                tud_mount_cb
 .text.tud_umount_cb
                0x10002e68        0x4 CMakeFiles/vera-programmer.dir/opt/pico-sdk/lib/tinyusb/src/device/usbd.c.o
                0x10002e68                tud_umount_cb
 .text.tud_suspend_cb
                0x10002e6c        0x4 CMakeFiles/vera-programmer.dir/opt/pico-sdk/lib/tinyusb/src/device/usbd.c.o
                0x10002e6c                tud_suspend_cb
 .text.tud_resume_cb
                0x10002e70        0x4 CMakeFiles/vera-programmer.dir/opt/pico-sdk/lib/tinyusb/src/device/usbd.c.o
                0x10002e70                tud_resume_cb
 .text.tud_mounted
                0x10002e74       0x10 CMakeFiles/vera-programmer.dir/opt/pico-sdk/lib/tinyusb/src/device/usbd.c.o
                0x10002e74                tud_mounted
 .text.tud_suspended
                0x10002e84       0x10 CMakeFiles/vera-programmer.dir/opt/pico-sdk/lib/tinyusb/src/device/usbd.c.o
                0x10002e84                tud_suspended
 .text.tud_rhport_init
                0x10002e94       0xf8 CMakeFiles/vera-programmer.dir/opt/pico-sdk/lib/tinyusb/src/device/usbd.c.o
                0x10002e94                tud_rhport_init
 .text.tud_task_ext
                0x10002f8c      0x784 CMakeFiles/vera-programmer.dir/opt/pico-sdk/lib/tinyusb/src/device/usbd.c.o
                0x10002f8c                tud_task_ext
 .text.usbd_open_edpt_pair
                0x10003710       0x9c CMakeFiles/vera-programmer.dir/opt/pico-sdk/lib/tinyusb/src/device/usbd.c.o
                0x10003710                usbd_open_edpt_pair
 .text.usbd_edpt_open
                0x100037ac       0x44 CMakeFiles/vera-programmer.dir/opt/pico-sdk/lib/tinyusb/src/device/usbd.c.o
                0x100037ac                usbd_edpt_open
 .text.usbd_edpt_claim
                0x100037f0       0x24 CMakeFiles/vera-programmer.dir/opt/pico-sdk/lib/tinyusb/src/device/usbd.c.o
                0x100037f0                usbd_edpt_claim
 .text.usbd_edpt_release
                0x10003814       0x24 CMakeFiles/vera-programmer.dir/opt/pico-sdk/lib/tinyusb/src/device/usbd.c.o
                0x10003814                usbd_edpt_release
 .text.usbd_edpt_xfer
                0x10003838       0x70 CMakeFiles/vera-programmer.dir/opt/pico-sdk/lib/tinyusb/src/device/usbd.c.o
                0x10003838                usbd_edpt_xfer
 .text.tud_control_status
                0x100038a8       0x34 CMakeFiles/vera-programmer.dir/opt/pico-sdk/lib/tinyusb/src/device/usbd_control.c.o
                0x100038a8                tud_control_status
 .text.tud_control_xfer
                0x100038dc       0xac CMakeFiles/vera-programmer.dir/opt/pico-sdk/lib/tinyusb/src/device/usbd_control.c.o
                0x100038dc                tud_control_xfer
 .text.usbd_control_reset
                0x10003988       0x14 CMakeFiles/vera-programmer.dir/opt/pico-sdk/lib/tinyusb/src/device/usbd_control.c.o
                0x10003988                usbd_control_reset
 .text.usbd_control_set_complete_callback
                0x1000399c        0xc CMakeFiles/vera-programmer.dir/opt/pico-sdk/lib/tinyusb/src/device/usbd_control.c.o
                0x1000399c                usbd_control_set_complete_callback
 .text.usbd_control_set_request
                0x100039a8       0x1c CMakeFiles/vera-programmer.dir/opt/pico-sdk/lib/tinyusb/src/device/usbd_control.c.o
                0x100039a8                usbd_control_set_request
 .text.usbd_control_xfer_cb
                0x100039c4       0xfc CMakeFiles/vera-programmer.dir/opt/pico-sdk/lib/tinyusb/src/device/usbd_control.c.o
                0x100039c4                usbd_control_xfer_cb
 .text._prep_out_transaction.isra.0
                0x10003ac0       0x74 CMakeFiles/vera-programmer.dir/opt/pico-sdk/lib/tinyusb/src/class/cdc/cdc_device.c.o
 .text.tud_cdc_n_connected
                0x10003b34       0x2c CMakeFiles/vera-programmer.dir/opt/pico-sdk/lib/tinyusb/src/class/cdc/cdc_device.c.o
                0x10003b34                tud_cdc_n_connected
 .text.tud_cdc_n_available
                0x10003b60       0x18 CMakeFiles/vera-programmer.dir/opt/pico-sdk/lib/tinyusb/src/class/cdc/cdc_device.c.o
                0x10003b60                tud_cdc_n_available
 .text.tud_cdc_n_read
                0x10003b78       0x8c CMakeFiles/vera-programmer.dir/opt/pico-sdk/lib/tinyusb/src/class/cdc/cdc_device.c.o
                0x10003b78                tud_cdc_n_read
 .text.tud_cdc_n_write_flush
                0x10003c04       0x8c CMakeFiles/vera-programmer.dir/opt/pico-sdk/lib/tinyusb/src/class/cdc/cdc_device.c.o
                0x10003c04                tud_cdc_n_write_flush
 .text.tud_cdc_n_write
                0x10003c90       0x44 CMakeFiles/vera-programmer.dir/opt/pico-sdk/lib/tinyusb/src/class/cdc/cdc_device.c.o
                0x10003c90                tud_cdc_n_write
 .text.tud_cdc_n_write_available
                0x10003cd4       0x18 CMakeFiles/vera-programmer.dir/opt/pico-sdk/lib/tinyusb/src/class/cdc/cdc_device.c.o
                0x10003cd4                tud_cdc_n_write_available
 .text.cdcd_init
                0x10003cec       0x70 CMakeFiles/vera-programmer.dir/opt/pico-sdk/lib/tinyusb/src/class/cdc/cdc_device.c.o
                0x10003cec                cdcd_init
 .text.cdcd_deinit
                0x10003d5c       0x2c CMakeFiles/vera-programmer.dir/opt/pico-sdk/lib/tinyusb/src/class/cdc/cdc_device.c.o
                0x10003d5c                cdcd_deinit
 .text.cdcd_reset
                0x10003d88       0x4c CMakeFiles/vera-programmer.dir/opt/pico-sdk/lib/tinyusb/src/class/cdc/cdc_device.c.o
                0x10003d88                cdcd_reset
 .text.cdcd_open
                0x10003dd4       0xbc CMakeFiles/vera-programmer.dir/opt/pico-sdk/lib/tinyusb/src/class/cdc/cdc_device.c.o
                0x10003dd4                cdcd_open
 .text.cdcd_control_xfer_cb
                0x10003e90       0xc0 CMakeFiles/vera-programmer.dir/opt/pico-sdk/lib/tinyusb/src/class/cdc/cdc_device.c.o
                0x10003e90                cdcd_control_xfer_cb
 .text.cdcd_xfer_cb
                0x10003f50       0xfc CMakeFiles/vera-programmer.dir/opt/pico-sdk/lib/tinyusb/src/class/cdc/cdc_device.c.o
                0x10003f50                cdcd_xfer_cb
 .text.vendord_init
                0x1000404c       0x5c CMakeFiles/vera-programmer.dir/opt/pico-sdk/lib/tinyusb/src/class/vendor/vendor_device.c.o
                0x1000404c                vendord_init
 .text.vendord_deinit
                0x100040a8       0x1c CMakeFiles/vera-programmer.dir/opt/pico-sdk/lib/tinyusb/src/class/vendor/vendor_device.c.o
                0x100040a8                vendord_deinit
 .text.vendord_reset
                0x100040c4       0x24 CMakeFiles/vera-programmer.dir/opt/pico-sdk/lib/tinyusb/src/class/vendor/vendor_device.c.o
                0x100040c4                vendord_reset
 .text.vendord_open
                0x100040e8      0x104 CMakeFiles/vera-programmer.dir/opt/pico-sdk/lib/tinyusb/src/class/vendor/vendor_device.c.o
                0x100040e8                vendord_open
 .text.vendord_xfer_cb
                0x100041ec       0x88 CMakeFiles/vera-programmer.dir/opt/pico-sdk/lib/tinyusb/src/class/vendor/vendor_device.c.o
                0x100041ec                vendord_xfer_cb
 .text.tusb_rhport_init
                0x10004274       0x60 CMakeFiles/vera-programmer.dir/opt/pico-sdk/lib/tinyusb/src/tusb.c.o
                0x10004274                tusb_rhport_init
 .text.tu_edpt_claim
                0x100042d4       0x54 CMakeFiles/vera-programmer.dir/opt/pico-sdk/lib/tinyusb/src/tusb.c.o
                0x100042d4                tu_edpt_claim
 .text.tu_edpt_release
                0x10004328       0x38 CMakeFiles/vera-programmer.dir/opt/pico-sdk/lib/tinyusb/src/tusb.c.o
                0x10004328                tu_edpt_release
 .text.tu_edpt_validate
                0x10004360       0x64 CMakeFiles/vera-programmer.dir/opt/pico-sdk/lib/tinyusb/src/tusb.c.o
                0x10004360                tu_edpt_validate
 .text.tu_edpt_bind_driver
                0x100043c4       0x58 CMakeFiles/vera-programmer.dir/opt/pico-sdk/lib/tinyusb/src/tusb.c.o
                0x100043c4                tu_edpt_bind_driver
 .text.tu_edpt_stream_init
                0x1000441c       0x58 CMakeFiles/vera-programmer.dir/opt/pico-sdk/lib/tinyusb/src/tusb.c.o
                0x1000441c                tu_edpt_stream_init
 .text.tu_edpt_stream_deinit
                0x10004474        0x4 CMakeFiles/vera-programmer.dir/opt/pico-sdk/lib/tinyusb/src/tusb.c.o
                0x10004474                tu_edpt_stream_deinit
 .text.tu_edpt_stream_write_zlp_if_needed
                0x10004478       0x68 CMakeFiles/vera-programmer.dir/opt/pico-sdk/lib/tinyusb/src/tusb.c.o
                0x10004478                tu_edpt_stream_write_zlp_if_needed
 .text.tu_edpt_stream_write_xfer
                0x100044e0       0x70 CMakeFiles/vera-programmer.dir/opt/pico-sdk/lib/tinyusb/src/tusb.c.o
                0x100044e0                tu_edpt_stream_write_xfer
 .text.tu_edpt_stream_read_xfer
                0x10004550       0xd0 CMakeFiles/vera-programmer.dir/opt/pico-sdk/lib/tinyusb/src/tusb.c.o
                0x10004550                tu_edpt_stream_read_xfer
 .text.tu_fifo_config
                0x10004620       0x60 CMakeFiles/vera-programmer.dir/opt/pico-sdk/lib/tinyusb/src/common/tusb_fifo.c.o
                0x10004620                tu_fifo_config
 .text.tu_fifo_count
                0x10004680       0x20 CMakeFiles/vera-programmer.dir/opt/pico-sdk/lib/tinyusb/src/common/tusb_fifo.c.o
                0x10004680                tu_fifo_count
 .text.tu_fifo_empty
                0x100046a0       0x14 CMakeFiles/vera-programmer.dir/opt/pico-sdk/lib/tinyusb/src/common/tusb_fifo.c.o
                0x100046a0                tu_fifo_empty
 .text.tu_fifo_remaining
                0x100046b4       0x24 CMakeFiles/vera-programmer.dir/opt/pico-sdk/lib/tinyusb/src/common/tusb_fifo.c.o
                0x100046b4                tu_fifo_remaining
 .text.tu_fifo_read
                0x100046d8       0x94 CMakeFiles/vera-programmer.dir/opt/pico-sdk/lib/tinyusb/src/common/tusb_fifo.c.o
                0x100046d8                tu_fifo_read
 .text.tu_fifo_read_n
                0x1000476c       0xd8 CMakeFiles/vera-programmer.dir/opt/pico-sdk/lib/tinyusb/src/common/tusb_fifo.c.o
                0x1000476c                tu_fifo_read_n
 .text.tu_fifo_write
                0x10004844       0xa0 CMakeFiles/vera-programmer.dir/opt/pico-sdk/lib/tinyusb/src/common/tusb_fifo.c.o
                0x10004844                tu_fifo_write
 .text.tu_fifo_write_n
                0x100048e4      0x158 CMakeFiles/vera-programmer.dir/opt/pico-sdk/lib/tinyusb/src/common/tusb_fifo.c.o
                0x100048e4                tu_fifo_write_n
 .text.tu_fifo_clear
                0x10004a3c       0x38 CMakeFiles/vera-programmer.dir/opt/pico-sdk/lib/tinyusb/src/common/tusb_fifo.c.o
                0x10004a3c                tu_fifo_clear
 .text.tu_fifo_set_overwritable
                0x10004a74       0x3c CMakeFiles/vera-programmer.dir/opt/pico-sdk/lib/tinyusb/src/common/tusb_fifo.c.o
                0x10004a74                tu_fifo_set_overwritable
 .text.spi_init
                0x10004ab0       0xf4 CMakeFiles/vera-programmer.dir/opt/pico-sdk/src/rp2_common/hardware_spi/spi.c.o
                0x10004ab0                spi_init
 .text          0x10004ba4       0xa4 /usr/lib/gcc/arm-none-eabi/13.2.1/../../../arm-none-eabi/lib/thumb/v8-m.main+fp/softfp/libg.a(libc_a-memset.o)
                0x10004ba4                memset
 .text          0x10004c48       0xec /usr/lib/gcc/arm-none-eabi/13.2.1/../../../arm-none-eabi/lib/thumb/v8-m.main+fp/softfp/libg.a(libc_a-memcpy.o)
                0x10004c48                memcpy
 .text          0x10004d34        0xc /usr/lib/gcc/arm-none-eabi/13.2.1/../../../arm-none-eabi/lib/thumb/v8-m.main+fp/softfp/libg.a(libc_a-atexit.o)
                0x10004d34                atexit
 .text          0x10004d40       0x5c /usr/lib/gcc/arm-none-eabi/13.2.1/../../../arm-none-eabi/lib/thumb/v8-m.main+fp/softfp/libg.a(libc_a-strlen-stub.o)
                0x10004d40                strlen
 .text          0x10004d9c       0x28 /usr/lib/gcc/arm-none-eabi/13.2.1/../../../arm-none-eabi/lib/thumb/v8-m.main+fp/softfp/libg.a(libc_a-fini.o)
                0x10004d9c                __libc_fini_array
 .text          0x10004dc4       0x64 /usr/lib/gcc/arm-none-eabi/13.2.1/../../../arm-none-eabi/lib/thumb/v8-m.main+fp/softfp/libg.a(libc_a-__atexit.o)
                0x10004dc4                __register_exitproc
 .text.startup  0x10004e28       0x14 /usr/lib/gcc/arm-none-eabi/13.2.1/../../../arm-none-eabi/lib/thumb/v8-m.main+fp/softfp/libg.a(libc_a-__call_atexit.o)
 *(.fini)
 .fini          0x10004e3c        0x4 /usr/lib/gcc/arm-none-eabi/13.2.1/thumb/v8-m.main+fp/softfp/crti.o
                0x10004e3c                _fini
 .fini.__stub   0x10004e40       0x58 linker stubs
 *crtbegin.o(.ctors)
 *crtbegin?.o(.ctors)
 *(EXCLUDE_FILE(*crtend.o *crtend?.o) .ctors)
 *(SORT_BY_NAME(.ctors.*))
 *(.ctors)
 *crtbegin.o(.dtors)
 *crtbegin?.o(.dtors)
 *(EXCLUDE_FILE(*crtend.o *crtend?.o) .dtors)
 *(SORT_BY_NAME(.dtors.*))
 *(.dtors)
                0x10004e98                        . = ALIGN (0x4)
                0x10004e98                        PROVIDE (__preinit_array_start = .)
 *(SORT_BY_NAME(.preinit_array.*))
 .preinit_array.00050
                0x10004e98        0x4 CMakeFiles/vera-programmer.dir/opt/pico-sdk/src/rp2_common/pico_runtime_init/runtime_init.c.o
                0x10004e98                __pre_init_runtime_init_bootrom_reset
 .preinit_array.00100
                0x10004e9c        0x4 CMakeFiles/vera-programmer.dir/opt/pico-sdk/src/rp2_common/pico_runtime_init/runtime_init.c.o
                0x10004e9c                __pre_init_runtime_init_early_resets
 .preinit_array.00101
                0x10004ea0        0x4 CMakeFiles/vera-programmer.dir/opt/pico-sdk/src/rp2_common/pico_runtime_init/runtime_init.c.o
                0x10004ea0                __pre_init_runtime_init_usb_power_down
 .preinit_array.00500
                0x10004ea4        0x4 CMakeFiles/vera-programmer.dir/opt/pico-sdk/src/rp2_common/pico_runtime_init/runtime_init.c.o
                0x10004ea4                __pre_init_runtime_init_clocks
 .preinit_array.00600
                0x10004ea8        0x4 CMakeFiles/vera-programmer.dir/opt/pico-sdk/src/rp2_common/pico_runtime_init/runtime_init.c.o
                0x10004ea8                __pre_init_runtime_init_post_clock_resets
 .preinit_array.01000
                0x10004eac        0x4 CMakeFiles/vera-programmer.dir/opt/pico-sdk/src/rp2_common/hardware_boot_lock/boot_lock.c.o
                0x10004eac                __pre_init_runtime_init_boot_locks_reset
 .preinit_array.01000
                0x10004eb0        0x4 CMakeFiles/vera-programmer.dir/opt/pico-sdk/src/rp2_common/pico_runtime_init/runtime_init.c.o
                0x10004eb0                __pre_init_runtime_init_spin_locks_reset
 .preinit_array.01010
                0x10004eb4        0x4 CMakeFiles/vera-programmer.dir/opt/pico-sdk/src/rp2_common/pico_bootrom/bootrom_lock.c.o
                0x10004eb4                __pre_init_runtime_init_bootrom_locking_enable
 .preinit_array.01100
                0x10004eb8        0x4 CMakeFiles/vera-programmer.dir/opt/pico-sdk/src/common/pico_sync/mutex.c.o
                0x10004eb8                __pre_init_runtime_init_mutex
 .preinit_array.10080
                0x10004ebc        0x4 CMakeFiles/vera-programmer.dir/opt/pico-sdk/src/rp2_common/pico_runtime_init/runtime_init.c.o
                0x10004ebc                __pre_init_runtime_init_install_ram_vector_table
 .preinit_array.11000
                0x10004ec0        0x4 CMakeFiles/vera-programmer.dir/opt/pico-sdk/src/common/pico_time/time.c.o
                0x10004ec0                __pre_init_runtime_init_default_alarm_pool
 .preinit_array.YYYYY
                0x10004ec4        0x4 CMakeFiles/vera-programmer.dir/opt/pico-sdk/src/rp2_common/pico_runtime/runtime.c.o
                0x10004ec4                __pre_init_first_per_core_initializer
 .preinit_array.ZZZZZ.00051
                0x10004ec8        0x4 CMakeFiles/vera-programmer.dir/opt/pico-sdk/src/rp2_common/pico_runtime_init/runtime_init.c.o
                0x10004ec8                __pre_init_runtime_init_per_core_bootrom_reset
 .preinit_array.ZZZZZ.00200
                0x10004ecc        0x4 CMakeFiles/vera-programmer.dir/opt/pico-sdk/src/rp2_common/pico_runtime_init/runtime_init.c.o
                0x10004ecc                __pre_init_runtime_init_per_core_enable_coprocessors
 .preinit_array.ZZZZZ.01000
                0x10004ed0        0x4 CMakeFiles/vera-programmer.dir/opt/pico-sdk/src/rp2_common/hardware_sync_spin_lock/sync_spin_lock.c.o
                0x10004ed0                __pre_init_spinlock_set_extexclall
 .preinit_array.ZZZZZ.01200
                0x10004ed4        0x4 CMakeFiles/vera-programmer.dir/opt/pico-sdk/src/rp2_common/hardware_irq/irq.c.o
                0x10004ed4                __pre_init_runtime_init_per_core_irq_priorities
 *(.preinit_array)
                0x10004ed8                        PROVIDE (__preinit_array_end = .)
                0x10004ed8                        . = ALIGN (0x4)
                0x10004ed8                        PROVIDE (__init_array_start = .)
 *(SORT_BY_NAME(.init_array.*))
 .init_array.00000
                0x10004ed8        0x4 /usr/lib/gcc/arm-none-eabi/13.2.1/../../../arm-none-eabi/lib/thumb/v8-m.main+fp/softfp/libg.a(libc_a-__call_atexit.o)
 *(.init_array)
 .init_array    0x10004edc        0x4 /usr/lib/gcc/arm-none-eabi/13.2.1/thumb/v8-m.main+fp/softfp/crtbegin.o
 .init_array    0x10004ee0        0x4 CMakeFiles/vera-programmer.dir/opt/pico-sdk/src/rp2_common/pico_unique_id/unique_id.c.o
                0x10004ee4                        PROVIDE (__init_array_end = .)
                0x10004ee4                        . = ALIGN (0x4)
                0x10004ee4                        PROVIDE (__fini_array_start = .)
 *(SORT_BY_NAME(.fini_array.*))
 *(.fini_array)
                0x10004ee4                        PROVIDE (__fini_array_end = .)
 *(.eh_frame*)
 .eh_frame      0x10004ee4        0x0 /usr/lib/gcc/arm-none-eabi/13.2.1/thumb/v8-m.main+fp/softfp/crtbegin.o
                0x10004ee4                        . = ALIGN (0x4)

.glue_7         0x10004ee4        0x0
 .glue_7        0x10004ee4        0x0 linker stubs

.glue_7t        0x10004ee4        0x0
 .glue_7t       0x10004ee4        0x0 linker stubs

.vfp11_veneer   0x10004ee4        0x0
 .vfp11_veneer  0x10004ee4        0x0 linker stubs

.v4_bx          0x10004ee4        0x0
 .v4_bx         0x10004ee4        0x0 linker stubs

.iplt           0x10004ee4        0x0
 .iplt          0x10004ee4        0x0 /usr/lib/gcc/arm-none-eabi/13.2.1/thumb/v8-m.main+fp/softfp/crtbegin.o

.boot2          0x10004ee4        0x0
                0x10004ee4                        __boot2_start__ = .
 *(.boot2)
                0x10004ee4                        __boot2_end__ = .
                0x00000001                        ASSERT (((__boot2_end__ - __boot2_start__) <= 0x100), ERROR: Pico second stage bootloader must be no more than 256 bytes in size)

.rodata         0x10004ee4      0x3fc
 *(EXCLUDE_FILE(*libm.a: *libc.a:*lib_a-mem*.o *libgcc.a:) .rodata*)
 .rodata.main.str1.4
                0x10004ee4      0x1c0 CMakeFiles/vera-programmer.dir/main.c.o
                                 0x59 (size before relaxing)
 .rodata        0x100050a4        0xc CMakeFiles/vera-programmer.dir/main.c.o
 .rodata.board_id.0
                0x100050b0       0x11 CMakeFiles/vera-programmer.dir/flash.c.o
 .rodata.panic.str1.4
                0x100050c1       0x12 CMakeFiles/vera-programmer.dir/opt/pico-sdk/src/rp2_common/pico_platform_panic/panic.c.o
 .rodata.spin_lock_claim_unused.str1.4
                0x100050c1       0x1b CMakeFiles/vera-programmer.dir/opt/pico-sdk/src/rp2_common/hardware_sync/sync.c.o
 .rodata.user_irq_claim_unused.str1.4
                0x100050c1       0x1b CMakeFiles/vera-programmer.dir/opt/pico-sdk/src/rp2_common/hardware_irq/irq.c.o
 .rodata.timer_hardware_alarm_claim.str1.4
                0x100050c1       0x22 CMakeFiles/vera-programmer.dir/opt/pico-sdk/src/rp2_common/hardware_timer/timer.c.o
 .rodata.hard_assertion_failure.str1.4
                0x100050c1        0xc CMakeFiles/vera-programmer.dir/opt/pico-sdk/src/rp2_common/pico_runtime/runtime.c.o
 .rodata.str1.4
                0x100050c1       0x4c CMakeFiles/vera-programmer.dir/opt/pico-sdk/src/rp2_common/pico_standard_binary_info/standard_binary_info.c.o
 *fill*         0x100050c1        0x3 
 .rodata.__bi_84
                0x100050c4        0xc CMakeFiles/vera-programmer.dir/opt/pico-sdk/src/rp2_common/pico_standard_binary_info/standard_binary_info.c.o
 .rodata.__bi_78
                0x100050d0        0xc CMakeFiles/vera-programmer.dir/opt/pico-sdk/src/rp2_common/pico_standard_binary_info/standard_binary_info.c.o
 .rodata.__bi_60
                0x100050dc        0xc CMakeFiles/vera-programmer.dir/opt/pico-sdk/src/rp2_common/pico_standard_binary_info/standard_binary_info.c.o
 .rodata.__bi_54
                0x100050e8        0xc CMakeFiles/vera-programmer.dir/opt/pico-sdk/src/rp2_common/pico_standard_binary_info/standard_binary_info.c.o
 .rodata.__bi_48
                0x100050f4        0xc CMakeFiles/vera-programmer.dir/opt/pico-sdk/src/rp2_common/pico_standard_binary_info/standard_binary_info.c.o
 .rodata.__bi_42
                0x10005100        0xc CMakeFiles/vera-programmer.dir/opt/pico-sdk/src/rp2_common/pico_standard_binary_info/standard_binary_info.c.o
 .rodata.__bi_34
                0x1000510c        0xc CMakeFiles/vera-programmer.dir/opt/pico-sdk/src/rp2_common/pico_standard_binary_info/standard_binary_info.c.o
 .rodata.__bi_26
                0x10005118        0xc CMakeFiles/vera-programmer.dir/opt/pico-sdk/src/rp2_common/pico_standard_binary_info/standard_binary_info.c.o
 .rodata.crlf_str.0
                0x10005124        0x2 CMakeFiles/vera-programmer.dir/opt/pico-sdk/src/rp2_common/pico_stdio/stdio.c.o
 *fill*         0x10005126        0x2 
 .rodata._resetd_driver
                0x10005128       0x20 CMakeFiles/vera-programmer.dir/opt/pico-sdk/src/rp2_common/pico_stdio_usb/reset_interface.c.o
 .rodata.desc_ms_os_20
                0x10005148       0xa6 CMakeFiles/vera-programmer.dir/opt/pico-sdk/src/rp2_common/pico_stdio_usb/reset_interface.c.o
 *fill*         0x100051ee        0x2 
 .rodata.desc_bos
                0x100051f0       0x21 CMakeFiles/vera-programmer.dir/opt/pico-sdk/src/rp2_common/pico_stdio_usb/reset_interface.c.o
                0x100051f0                desc_bos
 .rodata.str1.4
                0x10005211       0x13 CMakeFiles/vera-programmer.dir/opt/pico-sdk/src/rp2_common/pico_stdio_usb/stdio_usb.c.o
 *fill*         0x10005211        0x3 
 .rodata.__bi_197.0
                0x10005214        0xc CMakeFiles/vera-programmer.dir/opt/pico-sdk/src/rp2_common/pico_stdio_usb/stdio_usb.c.o
 .rodata.str1.4
                0x10005220       0x2a CMakeFiles/vera-programmer.dir/opt/pico-sdk/src/rp2_common/pico_stdio_usb/stdio_usb_descriptors.c.o
 .rodata.usbd_desc_str
                0x10005220       0x18 CMakeFiles/vera-programmer.dir/opt/pico-sdk/src/rp2_common/pico_stdio_usb/stdio_usb_descriptors.c.o
 .rodata.usbd_desc_cfg
                0x10005238       0x54 CMakeFiles/vera-programmer.dir/opt/pico-sdk/src/rp2_common/pico_stdio_usb/stdio_usb_descriptors.c.o
 .rodata.usbd_desc_device
                0x1000528c       0x12 CMakeFiles/vera-programmer.dir/opt/pico-sdk/src/rp2_common/pico_stdio_usb/stdio_usb_descriptors.c.o
 .rodata.str1.4
                0x1000529e       0x14 CMakeFiles/vera-programmer.dir/opt/pico-sdk/lib/tinyusb/src/portable/raspberrypi/rp2040/dcd_rp2040.c.o
 .rodata.str1.4
                0x1000529e       0x48 CMakeFiles/vera-programmer.dir/opt/pico-sdk/lib/tinyusb/src/portable/raspberrypi/rp2040/rp2040_usb.c.o
 *fill*         0x1000529e        0x2 
 .rodata._usbd_driver
                0x100052a0       0x40 CMakeFiles/vera-programmer.dir/opt/pico-sdk/lib/tinyusb/src/device/usbd.c.o
 *(.srodata*)
                0x100052e0                        . = ALIGN (0x4)
 *(SORT_BY_ALIGNMENT(SORT_BY_NAME(.flashdata*)))
                0x100052e0                        . = ALIGN (0x4)

.ARM.extab
 *(.ARM.extab* .gnu.linkonce.armextab.*)
                0x100052e0                        __exidx_start = .

.ARM.exidx      0x100052e0        0x8
 *(.ARM.exidx* .gnu.linkonce.armexidx.*)
 .ARM.exidx     0x100052e0        0x8 /usr/lib/gcc/arm-none-eabi/13.2.1/../../../arm-none-eabi/lib/thumb/v8-m.main+fp/softfp/libg.a(libc_a-memcpy.o)
                0x100052e8                        __exidx_end = .
                0x100052e8                        . = ALIGN (0x4)
                0x100052e8                        __binary_info_start = .

.binary_info    0x100052e8       0x24
 *(.binary_info.keep.*)
 .binary_info.keep.__bi_ptr84
                0x100052e8        0x4 CMakeFiles/vera-programmer.dir/opt/pico-sdk/src/rp2_common/pico_standard_binary_info/standard_binary_info.c.o
 .binary_info.keep.__bi_ptr78
                0x100052ec        0x4 CMakeFiles/vera-programmer.dir/opt/pico-sdk/src/rp2_common/pico_standard_binary_info/standard_binary_info.c.o
 .binary_info.keep.__bi_ptr60
                0x100052f0        0x4 CMakeFiles/vera-programmer.dir/opt/pico-sdk/src/rp2_common/pico_standard_binary_info/standard_binary_info.c.o
 .binary_info.keep.__bi_ptr54
                0x100052f4        0x4 CMakeFiles/vera-programmer.dir/opt/pico-sdk/src/rp2_common/pico_standard_binary_info/standard_binary_info.c.o
 .binary_info.keep.__bi_ptr48
                0x100052f8        0x4 CMakeFiles/vera-programmer.dir/opt/pico-sdk/src/rp2_common/pico_standard_binary_info/standard_binary_info.c.o
 .binary_info.keep.__bi_ptr42
                0x100052fc        0x4 CMakeFiles/vera-programmer.dir/opt/pico-sdk/src/rp2_common/pico_standard_binary_info/standard_binary_info.c.o
 .binary_info.keep.__bi_ptr34
                0x10005300        0x4 CMakeFiles/vera-programmer.dir/opt/pico-sdk/src/rp2_common/pico_standard_binary_info/standard_binary_info.c.o
 .binary_info.keep.__bi_ptr26
                0x10005304        0x4 CMakeFiles/vera-programmer.dir/opt/pico-sdk/src/rp2_common/pico_standard_binary_info/standard_binary_info.c.o
 *(.binary_info.*)
 .binary_info.__bi_ptr197
                0x10005308        0x4 CMakeFiles/vera-programmer.dir/opt/pico-sdk/src/rp2_common/pico_stdio_usb/stdio_usb.c.o
                0x1000530c                        __binary_info_end = .
                0x1000530c                        . = ALIGN (0x4)

.ram_vector_table
                0x20000000      0x110
 *(.ram_vector_table)
 .ram_vector_table
                0x20000000      0x110 CMakeFiles/vera-programmer.dir/opt/pico-sdk/src/rp2_common/pico_runtime_init/runtime_init.c.o
                0x20000000                ram_vector_table

.uninitialized_data
                0x20000110        0x0
                0x20000110                        . = ALIGN (0x4)
 *(.uninitialized_data*)

.data           0x20000110      0xe8c load address 0x1000530c
                0x20000110                        __data_start__ = .
 *(vtable)
 *(.time_critical*)
 .time_critical.mutex_try_enter
                0x20000110       0x50 CMakeFiles/vera-programmer.dir/opt/pico-sdk/src/common/pico_sync/mutex.c.o
                0x20000110                mutex_try_enter
 .time_critical.mutex_enter_block_until
                0x20000160       0x70 CMakeFiles/vera-programmer.dir/opt/pico-sdk/src/common/pico_sync/mutex.c.o
                0x20000160                mutex_enter_block_until
 .time_critical.mutex_try_enter_block_until
                0x200001d0       0x6c CMakeFiles/vera-programmer.dir/opt/pico-sdk/src/common/pico_sync/mutex.c.o
                0x200001d0                mutex_try_enter_block_until
 .time_critical.mutex_enter_timeout_ms
                0x2000023c       0x38 CMakeFiles/vera-programmer.dir/opt/pico-sdk/src/common/pico_sync/mutex.c.o
                0x2000023c                mutex_enter_timeout_ms
 .time_critical.mutex_exit
                0x20000274       0x3c CMakeFiles/vera-programmer.dir/opt/pico-sdk/src/common/pico_sync/mutex.c.o
                0x20000274                mutex_exit
 .time_critical.reset_non_control_endpoints
                0x200002b0       0x64 CMakeFiles/vera-programmer.dir/opt/pico-sdk/lib/tinyusb/src/portable/raspberrypi/rp2040/dcd_rp2040.c.o
 .time_critical.hw_handle_buff_status
                0x20000314       0x94 CMakeFiles/vera-programmer.dir/opt/pico-sdk/lib/tinyusb/src/portable/raspberrypi/rp2040/dcd_rp2040.c.o
 .time_critical.dcd_rp2040_irq
                0x200003a8      0x510 CMakeFiles/vera-programmer.dir/opt/pico-sdk/lib/tinyusb/src/portable/raspberrypi/rp2040/dcd_rp2040.c.o
 .time_critical.prepare_ep_buffer
                0x200008b8       0xd0 CMakeFiles/vera-programmer.dir/opt/pico-sdk/lib/tinyusb/src/portable/raspberrypi/rp2040/rp2040_usb.c.o
 .time_critical.sync_ep_buffer
                0x20000988       0xb8 CMakeFiles/vera-programmer.dir/opt/pico-sdk/lib/tinyusb/src/portable/raspberrypi/rp2040/rp2040_usb.c.o
 .time_critical._hw_endpoint_xfer_sync
                0x20000a40       0x2c CMakeFiles/vera-programmer.dir/opt/pico-sdk/lib/tinyusb/src/portable/raspberrypi/rp2040/rp2040_usb.c.o
 .time_critical.e15_is_bulkin_ep
                0x20000a6c       0x28 CMakeFiles/vera-programmer.dir/opt/pico-sdk/lib/tinyusb/src/portable/raspberrypi/rp2040/rp2040_usb.c.o
 .time_critical.e15_is_critical_frame_period
                0x20000a94       0x28 CMakeFiles/vera-programmer.dir/opt/pico-sdk/lib/tinyusb/src/portable/raspberrypi/rp2040/rp2040_usb.c.o
 .time_critical.hw_endpoint_reset_transfer
                0x20000abc        0xc CMakeFiles/vera-programmer.dir/opt/pico-sdk/lib/tinyusb/src/portable/raspberrypi/rp2040/rp2040_usb.c.o
                0x20000abc                hw_endpoint_reset_transfer
 .time_critical._hw_endpoint_buffer_control_update32
                0x20000ac8       0x44 CMakeFiles/vera-programmer.dir/opt/pico-sdk/lib/tinyusb/src/portable/raspberrypi/rp2040/rp2040_usb.c.o
                0x20000ac8                _hw_endpoint_buffer_control_update32
 .time_critical.hw_endpoint_start_next_buffer
                0x20000b0c       0x64 CMakeFiles/vera-programmer.dir/opt/pico-sdk/lib/tinyusb/src/portable/raspberrypi/rp2040/rp2040_usb.c.o
                0x20000b0c                hw_endpoint_start_next_buffer
 .time_critical.hw_endpoint_xfer_continue
                0x20000b70       0x3c CMakeFiles/vera-programmer.dir/opt/pico-sdk/lib/tinyusb/src/portable/raspberrypi/rp2040/rp2040_usb.c.o
                0x20000b70                hw_endpoint_xfer_continue
 .time_critical.tinyusb
                0x20000bac      0x224 CMakeFiles/vera-programmer.dir/opt/pico-sdk/lib/tinyusb/src/device/usbd.c.o
                0x20000bac                dcd_event_handler
 .time_critical.spi_write_blocking
                0x20000dd0       0x90 CMakeFiles/vera-programmer.dir/opt/pico-sdk/src/rp2_common/hardware_spi/spi.c.o
                0x20000dd0                spi_write_blocking
 .time_critical.spi_read_blocking
                0x20000e60       0x68 CMakeFiles/vera-programmer.dir/opt/pico-sdk/src/rp2_common/hardware_spi/spi.c.o
                0x20000e60                spi_read_blocking
 .time_critical.spi_read_blocking.__stub
                0x20000ec8       0x30 linker stubs
 *(.text*)
                0x20000ef8                        . = ALIGN (0x4)
 *(.rodata*)
                0x20000ef8                        . = ALIGN (0x4)
 *(.data*)
 .data.striped_spin_lock_num
                0x20000ef8        0x1 CMakeFiles/vera-programmer.dir/opt/pico-sdk/src/rp2_common/hardware_sync/sync.c.o
 *fill*         0x20000ef9        0x3 
 .data          0x20000efc       0x48 CMakeFiles/vera-programmer.dir/opt/pico-sdk/src/rp2_common/hardware_irq/irq_handler_chain.S.o
                0x20000efc                irq_handler_chain_slots
                0x20000f2c                irq_handler_chain_first_slot
                0x20000f36                irq_handler_chain_remove_tail
 .data.default_alarm_pool
                0x20000f44       0x18 CMakeFiles/vera-programmer.dir/opt/pico-sdk/src/common/pico_time/time.c.o
 .data.stdio_usb
                0x20000f5c       0x18 CMakeFiles/vera-programmer.dir/opt/pico-sdk/src/rp2_common/pico_stdio_usb/stdio_usb.c.o
                0x20000f5c                stdio_usb
 .data._usbd_qdef
                0x20000f74       0x1c CMakeFiles/vera-programmer.dir/opt/pico-sdk/lib/tinyusb/src/device/usbd.c.o
                0x20000f74                _usbd_qdef
 .data._usbd_rhport
                0x20000f90        0x1 CMakeFiles/vera-programmer.dir/opt/pico-sdk/lib/tinyusb/src/device/usbd.c.o
 *(.sdata*)
                0x20000f94                        . = ALIGN (0x4)
 *fill*         0x20000f91        0x3 
 *(.after_data.*)
                0x20000f94                        . = ALIGN (0x4)
                0x20000f94                        PROVIDE (__mutex_array_start = .)
 *(SORT_BY_NAME(.mutex_array.*))
 *(.mutex_array)
 .mutex_array   0x20000f94        0x8 CMakeFiles/vera-programmer.dir/opt/pico-sdk/src/rp2_common/pico_stdio/stdio.c.o
                0x20000f9c                        PROVIDE (__mutex_array_end = .)
 *(.jcr)
                0x20000f9c                        . = ALIGN (0x4)

.tm_clone_table
                0x20000f9c        0x0 load address 0x10006198
 .tm_clone_table
                0x20000f9c        0x0 /usr/lib/gcc/arm-none-eabi/13.2.1/thumb/v8-m.main+fp/softfp/crtbegin.o
 .tm_clone_table
                0x20000f9c        0x0 /usr/lib/gcc/arm-none-eabi/13.2.1/thumb/v8-m.main+fp/softfp/crtend.o

.igot.plt       0x20000f9c        0x0 load address 0x10006198
 .igot.plt      0x20000f9c        0x0 /usr/lib/gcc/arm-none-eabi/13.2.1/thumb/v8-m.main+fp/softfp/crtbegin.o

.tdata          0x20000f9c        0x0 load address 0x10006198
                0x20000f9c                        . = ALIGN (0x4)
 *(.tdata .tdata.* .gnu.linkonce.td.*)
                0x20000f9c                        __tdata_end = .
                0x20000f9c                        PROVIDE (__data_end__ = .)
                0x1000530c                        __etext = LOADADDR (.data)

.tbss           0x20000f9c        0x0 load address 0x10006198
                0x20000f9c                        . = ALIGN (0x4)
                0x20000f9c                        __bss_start__ = .
                0x20000f9c                        __tls_base = .
 *(.tbss .tbss.* .gnu.linkonce.tb.*)
 *(.tcommon)
                0x20000f9c                        __tls_end = .

.bss            0x20000fa0      0xdc8 load address 0x10006198
                0x20000fa0                        . = ALIGN (0x4)
                0x20000fa0                        __tbss_end = .
 *(SORT_BY_ALIGNMENT(SORT_BY_NAME(.bss*)))
 .bss._cdcd_itf
                0x20000fa0       0xc8 CMakeFiles/vera-programmer.dir/opt/pico-sdk/lib/tinyusb/src/class/cdc/cdc_device.c.o
 .bss.default_alarm_pool_entries
                0x20001068      0x180 CMakeFiles/vera-programmer.dir/opt/pico-sdk/src/common/pico_time/time.c.o
 .bss.last_avail_time.1
                0x200011e8        0x8 CMakeFiles/vera-programmer.dir/opt/pico-sdk/src/rp2_common/pico_stdio_usb/stdio_usb.c.o
 .bss           0x200011f0       0x1c /usr/lib/gcc/arm-none-eabi/13.2.1/thumb/v8-m.main+fp/softfp/crtbegin.o
 .bss           0x2000120c      0x190 /usr/lib/gcc/arm-none-eabi/13.2.1/../../../arm-none-eabi/lib/thumb/v8-m.main+fp/softfp/libg.a(libc_a-__atexit.o)
                0x2000120c                __atexit0
 .bss           0x2000139c        0x4 /usr/lib/gcc/arm-none-eabi/13.2.1/../../../arm-none-eabi/lib/thumb/v8-m.main+fp/softfp/libg.a(libc_a-__call_atexit.o)
                0x2000139c                __atexit
 .bss._app_driver
                0x200013a0        0x4 CMakeFiles/vera-programmer.dir/opt/pico-sdk/lib/tinyusb/src/device/usbd.c.o
 .bss._cdcd_epbuf
                0x200013a4       0x80 CMakeFiles/vera-programmer.dir/opt/pico-sdk/lib/tinyusb/src/class/cdc/cdc_device.c.o
 .bss._cdcd_fifo_cfg
                0x20001424        0x1 CMakeFiles/vera-programmer.dir/opt/pico-sdk/lib/tinyusb/src/class/cdc/cdc_device.c.o
 *fill*         0x20001425        0x3 
 .bss._ctrl_epbuf
                0x20001428       0x40 CMakeFiles/vera-programmer.dir/opt/pico-sdk/lib/tinyusb/src/device/usbd_control.c.o
 .bss._ctrl_xfer
                0x20001468       0x14 CMakeFiles/vera-programmer.dir/opt/pico-sdk/lib/tinyusb/src/device/usbd_control.c.o
 .bss._sw_spin_locks
                0x2000147c       0x20 CMakeFiles/vera-programmer.dir/opt/pico-sdk/src/rp2_common/hardware_sync_spin_lock/sync_spin_lock.c.o
                0x2000147c                _sw_spin_locks
 .bss._tusb_rhport_role
                0x2000149c        0x2 CMakeFiles/vera-programmer.dir/opt/pico-sdk/lib/tinyusb/src/tusb.c.o
                0x2000149c                _tusb_rhport_role
 *fill*         0x2000149e        0x2 
 .bss._ubsd_mutexdef
                0x200014a0        0x8 CMakeFiles/vera-programmer.dir/opt/pico-sdk/lib/tinyusb/src/device/usbd.c.o
 .bss._usbd_dev
                0x200014a8       0x54 CMakeFiles/vera-programmer.dir/opt/pico-sdk/lib/tinyusb/src/device/usbd.c.o
 .bss._usbd_mutex
                0x200014fc        0x4 CMakeFiles/vera-programmer.dir/opt/pico-sdk/lib/tinyusb/src/device/usbd.c.o
 .bss._usbd_q   0x20001500        0x4 CMakeFiles/vera-programmer.dir/opt/pico-sdk/lib/tinyusb/src/device/usbd.c.o
 .bss._usbd_qdef_buf
                0x20001504       0xc0 CMakeFiles/vera-programmer.dir/opt/pico-sdk/lib/tinyusb/src/device/usbd.c.o
                0x20001504                _usbd_qdef_buf
 .bss._vendord_epbuf
                0x200015c4       0x80 CMakeFiles/vera-programmer.dir/opt/pico-sdk/lib/tinyusb/src/class/vendor/vendor_device.c.o
 .bss._vendord_itf
                0x20001644      0x24c CMakeFiles/vera-programmer.dir/opt/pico-sdk/lib/tinyusb/src/class/vendor/vendor_device.c.o
 .bss.chars_available_callback
                0x20001890        0x4 CMakeFiles/vera-programmer.dir/opt/pico-sdk/src/rp2_common/pico_stdio_usb/stdio_usb.c.o
 .bss.chars_available_param
                0x20001894        0x4 CMakeFiles/vera-programmer.dir/opt/pico-sdk/src/rp2_common/pico_stdio_usb/stdio_usb.c.o
 .bss.claimed   0x20001898        0x4 CMakeFiles/vera-programmer.dir/opt/pico-sdk/src/rp2_common/hardware_sync/sync.c.o
 .bss.claimed   0x2000189c        0x2 CMakeFiles/vera-programmer.dir/opt/pico-sdk/src/rp2_common/hardware_timer/timer.c.o
 *fill*         0x2000189e        0x2 
 .bss.configured_freq
                0x200018a0       0x28 CMakeFiles/vera-programmer.dir/opt/pico-sdk/src/rp2_common/hardware_clocks/clocks.c.o
 .bss.desc_str.0
                0x200018c8       0x28 CMakeFiles/vera-programmer.dir/opt/pico-sdk/src/rp2_common/pico_stdio_usb/stdio_usb_descriptors.c.o
 .bss.drivers   0x200018f0        0x4 CMakeFiles/vera-programmer.dir/opt/pico-sdk/src/rp2_common/pico_stdio/stdio.c.o
 .bss.e15_last_sof
                0x200018f4        0x4 CMakeFiles/vera-programmer.dir/opt/pico-sdk/lib/tinyusb/src/portable/raspberrypi/rp2040/rp2040_usb.c.o
                0x200018f4                e15_last_sof
 .bss.filter    0x200018f8        0x4 CMakeFiles/vera-programmer.dir/opt/pico-sdk/src/rp2_common/pico_stdio/stdio.c.o
 .bss.hw_endpoints
                0x200018fc      0x400 CMakeFiles/vera-programmer.dir/opt/pico-sdk/lib/tinyusb/src/portable/raspberrypi/rp2040/dcd_rp2040.c.o
 .bss.instruction
                0x20001cfc        0x8 CMakeFiles/vera-programmer.dir/main.c.o
 .bss.lazy_vsnprintf
                0x20001d04        0x4 CMakeFiles/vera-programmer.dir/opt/pico-sdk/src/rp2_common/pico_printf/printf.c.o
 .bss.load_value
                0x20001d08        0x4 CMakeFiles/vera-programmer.dir/opt/pico-sdk/src/rp2_common/hardware_watchdog/watchdog.c.o
 .bss.next_buffer_ptr
                0x20001d0c        0x4 CMakeFiles/vera-programmer.dir/opt/pico-sdk/lib/tinyusb/src/portable/raspberrypi/rp2040/dcd_rp2040.c.o
 .bss.one_shot_timer_crit_sec
                0x20001d10        0x8 CMakeFiles/vera-programmer.dir/opt/pico-sdk/src/rp2_common/pico_stdio_usb/stdio_usb.c.o
 .bss.pools     0x20001d18       0x20 CMakeFiles/vera-programmer.dir/opt/pico-sdk/src/common/pico_time/time.c.o
 .bss.retrieved_id
                0x20001d38        0x8 CMakeFiles/vera-programmer.dir/opt/pico-sdk/src/rp2_common/pico_unique_id/unique_id.c.o
 .bss.sleep_notifier
                0x20001d40        0x4 CMakeFiles/vera-programmer.dir/opt/pico-sdk/src/common/pico_time/time.c.o
 .bss.stdio_usb_mutex
                0x20001d44        0x8 CMakeFiles/vera-programmer.dir/opt/pico-sdk/src/rp2_common/pico_stdio_usb/stdio_usb.c.o
 .bss.usbd_serial_str
                0x20001d4c       0x11 CMakeFiles/vera-programmer.dir/opt/pico-sdk/src/rp2_common/pico_stdio_usb/stdio_usb_descriptors.c.o
 .bss._app_driver_count
                0x20001d5d        0x1 CMakeFiles/vera-programmer.dir/opt/pico-sdk/lib/tinyusb/src/device/usbd.c.o
 .bss._sof_enable
                0x20001d5e        0x1 CMakeFiles/vera-programmer.dir/opt/pico-sdk/lib/tinyusb/src/portable/raspberrypi/rp2040/dcd_rp2040.c.o
 .bss._usbd_queued_setup
                0x20001d5f        0x1 CMakeFiles/vera-programmer.dir/opt/pico-sdk/lib/tinyusb/src/device/usbd.c.o
 .bss.cdc_was_connected
                0x20001d60        0x1 CMakeFiles/vera-programmer.dir/main.c.o
 .bss.instruction_position
                0x20001d61        0x1 CMakeFiles/vera-programmer.dir/main.c.o
 .bss.irq_handler_chain_free_slot_head
                0x20001d62        0x1 CMakeFiles/vera-programmer.dir/opt/pico-sdk/src/rp2_common/hardware_irq/irq.c.o
 .bss.itf_num   0x20001d63        0x1 CMakeFiles/vera-programmer.dir/opt/pico-sdk/src/rp2_common/pico_stdio_usb/reset_interface.c.o
 .bss.low_priority_irq_num
                0x20001d64        0x1 CMakeFiles/vera-programmer.dir/opt/pico-sdk/src/rp2_common/pico_stdio_usb/stdio_usb.c.o
 .bss.one_shot_timer_pending
                0x20001d65        0x1 CMakeFiles/vera-programmer.dir/opt/pico-sdk/src/rp2_common/pico_stdio_usb/stdio_usb.c.o
 .bss.user_irq_claimed
                0x20001d66        0x1 CMakeFiles/vera-programmer.dir/opt/pico-sdk/src/rp2_common/hardware_irq/irq.c.o
 *(COMMON)
                [!provide]                        PROVIDE (__global_pointer$ = (. + 0x800))
 *(.sbss*)
                0x20001d68                        . = ALIGN (0x4)
 *fill*         0x20001d67        0x1 
                0x20001d68                        __bss_end__ = .

.heap           0x20001d68      0x800 load address 0x10006198
                0x20001d68                        __end__ = .
                0x20001d68                        end = __end__
 *(.heap*)
 .heap          0x20001d68      0x800 CMakeFiles/vera-programmer.dir/opt/pico-sdk/src/rp2_common/pico_crt0/crt0.S.o
                0x20080000                        __HeapLimit = (ORIGIN (RAM) + LENGTH (RAM))

.scratch_x      0x20080000        0x0 load address 0x10006198
                0x20080000                        __scratch_x_start__ = .
 *(.scratch_x.*)
                0x20080000                        . = ALIGN (0x4)
                0x20080000                        __scratch_x_end__ = .
                0x10006198                        __scratch_x_source__ = LOADADDR (.scratch_x)

.scratch_y      0x20081000        0x0 load address 0x10006198
                0x20081000                        __scratch_y_start__ = .
 *(.scratch_y.*)
                0x20081000                        . = ALIGN (0x4)
                0x20081000                        __scratch_y_end__ = .
                0x10006198                        __scratch_y_source__ = LOADADDR (.scratch_y)

.stack1_dummy
 *(.stack1*)

.stack_dummy    0x20081000      0x800
 *(.stack*)
 .stack         0x20081000      0x800 CMakeFiles/vera-programmer.dir/opt/pico-sdk/src/rp2_common/pico_crt0/crt0.S.o

.flash_end      0x10006198       0x14
 *(.embedded_end_block*)
 .embedded_end_block
                0x10006198       0x14 CMakeFiles/vera-programmer.dir/opt/pico-sdk/src/rp2_common/pico_crt0/crt0.S.o
                0x100061ac                        PROVIDE (__flash_binary_end = .)
                0x20080000                        __StackLimit = (ORIGIN (RAM) + LENGTH (RAM))
                0x20081000                        __StackOneTop = (ORIGIN (SCRATCH_X) + LENGTH (SCRATCH_X))
                0x20082000                        __StackTop = (ORIGIN (SCRATCH_Y) + LENGTH (SCRATCH_Y))
                0x20081000                        __StackOneBottom = (__StackOneTop - SIZEOF (.stack1_dummy))
                0x20081800                        __StackBottom = (__StackTop - SIZEOF (.stack_dummy))
                0x20082000                        PROVIDE (__stack = __StackTop)
                [!provide]                        PROVIDE (__heap_start = __end__)
                [!provide]                        PROVIDE (__heap_end = __HeapLimit)
                [!provide]                        PROVIDE (__tls_align = MAX (ALIGNOF (.tdata), ALIGNOF (.tbss)))
                [!provide]                        PROVIDE (__tls_size_align = (((__tls_size + __tls_align) - 0x1) & ~ ((__tls_align - 0x1))))
                [!provide]                        PROVIDE (__arm32_tls_tcb_offset = MAX (0x8, __tls_align))
                [!provide]                        PROVIDE (_end = __end__)
                [!provide]                        PROVIDE (__llvm_libc_heap_limit = __HeapLimit)
                0x00000001                        ASSERT ((__StackLimit >= __HeapLimit), region RAM overflowed)
                0x00000001                        ASSERT (((__binary_info_header_end - __logical_binary_start) <= 0x400), Binary info must be in first 1024 bytes of the binary)
                0x00000001                        ASSERT (((__embedded_block_end - __logical_binary_start) <= 0x1000), Embedded block must be in first 4096 bytes of the binary)
LOAD CMakeFiles/vera-programmer.dir/main.c.o
LOAD CMakeFiles/vera-programmer.dir/commands.c.o
LOAD CMakeFiles/vera-programmer.dir/flash.c.o
LOAD CMakeFiles/vera-programmer.dir/opt/pico-sdk/src/rp2_common/pico_stdlib/stdlib.c.o
LOAD CMakeFiles/vera-programmer.dir/opt/pico-sdk/src/rp2_common/hardware_gpio/gpio.c.o
LOAD CMakeFiles/vera-programmer.dir/opt/pico-sdk/src/rp2350/pico_platform/platform.c.o
LOAD CMakeFiles/vera-programmer.dir/opt/pico-sdk/src/rp2_common/pico_platform_panic/panic.c.o
LOAD CMakeFiles/vera-programmer.dir/opt/pico-sdk/src/common/hardware_claim/claim.c.o
LOAD CMakeFiles/vera-programmer.dir/opt/pico-sdk/src/rp2_common/hardware_sync/sync.c.o
LOAD CMakeFiles/vera-programmer.dir/opt/pico-sdk/src/rp2_common/hardware_sync_spin_lock/sync_spin_lock.c.o
LOAD CMakeFiles/vera-programmer.dir/opt/pico-sdk/src/rp2_common/hardware_irq/irq.c.o
LOAD CMakeFiles/vera-programmer.dir/opt/pico-sdk/src/rp2_common/hardware_irq/irq_handler_chain.S.o
LOAD CMakeFiles/vera-programmer.dir/opt/pico-sdk/src/common/pico_sync/sem.c.o
LOAD CMakeFiles/vera-programmer.dir/opt/pico-sdk/src/common/pico_sync/lock_core.c.o
LOAD CMakeFiles/vera-programmer.dir/opt/pico-sdk/src/common/pico_sync/mutex.c.o
LOAD CMakeFiles/vera-programmer.dir/opt/pico-sdk/src/common/pico_sync/critical_section.c.o
LOAD CMakeFiles/vera-programmer.dir/opt/pico-sdk/src/common/pico_time/time.c.o
LOAD CMakeFiles/vera-programmer.dir/opt/pico-sdk/src/common/pico_time/timeout_helper.c.o
LOAD CMakeFiles/vera-programmer.dir/opt/pico-sdk/src/rp2_common/hardware_timer/timer.c.o
LOAD CMakeFiles/vera-programmer.dir/opt/pico-sdk/src/common/pico_util/datetime.c.o
LOAD CMakeFiles/vera-programmer.dir/opt/pico-sdk/src/common/pico_util/pheap.c.o
LOAD CMakeFiles/vera-programmer.dir/opt/pico-sdk/src/common/pico_util/queue.c.o
LOAD CMakeFiles/vera-programmer.dir/opt/pico-sdk/src/rp2_common/hardware_uart/uart.c.o
LOAD CMakeFiles/vera-programmer.dir/opt/pico-sdk/src/rp2_common/hardware_clocks/clocks.c.o
LOAD CMakeFiles/vera-programmer.dir/opt/pico-sdk/src/rp2_common/hardware_pll/pll.c.o
LOAD CMakeFiles/vera-programmer.dir/opt/pico-sdk/src/rp2_common/hardware_vreg/vreg.c.o
LOAD CMakeFiles/vera-programmer.dir/opt/pico-sdk/src/rp2_common/hardware_watchdog/watchdog.c.o
LOAD CMakeFiles/vera-programmer.dir/opt/pico-sdk/src/rp2_common/hardware_ticks/ticks.c.o
LOAD CMakeFiles/vera-programmer.dir/opt/pico-sdk/src/rp2_common/pico_bootrom/bootrom.c.o
LOAD CMakeFiles/vera-programmer.dir/opt/pico-sdk/src/rp2_common/pico_bootrom/bootrom_lock.c.o
LOAD CMakeFiles/vera-programmer.dir/opt/pico-sdk/src/rp2_common/hardware_boot_lock/boot_lock.c.o
LOAD CMakeFiles/vera-programmer.dir/opt/pico-sdk/src/rp2_common/pico_flash/flash.c.o
LOAD CMakeFiles/vera-programmer.dir/opt/pico-sdk/src/rp2_common/hardware_xosc/xosc.c.o
LOAD CMakeFiles/vera-programmer.dir/opt/pico-sdk/src/rp2_common/hardware_divider/divider.c.o
LOAD CMakeFiles/vera-programmer.dir/opt/pico-sdk/src/rp2_common/pico_runtime/runtime.c.o
LOAD CMakeFiles/vera-programmer.dir/opt/pico-sdk/src/rp2_common/pico_runtime_init/runtime_init.c.o
LOAD CMakeFiles/vera-programmer.dir/opt/pico-sdk/src/rp2_common/pico_runtime_init/runtime_init_clocks.c.o
LOAD CMakeFiles/vera-programmer.dir/opt/pico-sdk/src/rp2_common/pico_runtime_init/runtime_init_stack_guard.c.o
LOAD CMakeFiles/vera-programmer.dir/opt/pico-sdk/src/rp2_common/pico_bit_ops/bit_ops_aeabi.S.o
LOAD CMakeFiles/vera-programmer.dir/opt/pico-sdk/src/rp2_common/pico_divider/divider_compiler.c.o
LOAD CMakeFiles/vera-programmer.dir/opt/pico-sdk/src/rp2_common/pico_double/double_math.c.o
LOAD CMakeFiles/vera-programmer.dir/opt/pico-sdk/src/rp2_common/pico_double/double_aeabi_dcp.S.o
LOAD CMakeFiles/vera-programmer.dir/opt/pico-sdk/src/rp2_common/pico_double/double_fma_dcp.S.o
LOAD CMakeFiles/vera-programmer.dir/opt/pico-sdk/src/rp2_common/pico_double/double_sci_m33.S.o
LOAD CMakeFiles/vera-programmer.dir/opt/pico-sdk/src/rp2_common/pico_double/double_conv_m33.S.o
LOAD CMakeFiles/vera-programmer.dir/opt/pico-sdk/src/rp2_common/pico_float/float_math.c.o
LOAD CMakeFiles/vera-programmer.dir/opt/pico-sdk/src/rp2_common/pico_float/float_conv32_vfp.S.o
LOAD CMakeFiles/vera-programmer.dir/opt/pico-sdk/src/rp2_common/pico_float/float_common_m33.S.o
LOAD CMakeFiles/vera-programmer.dir/opt/pico-sdk/src/rp2_common/pico_float/float_sci_m33_vfp.S.o
LOAD CMakeFiles/vera-programmer.dir/opt/pico-sdk/src/rp2_common/pico_malloc/malloc.c.o
LOAD CMakeFiles/vera-programmer.dir/opt/pico-sdk/src/rp2_common/pico_atomic/atomic.c.o
LOAD CMakeFiles/vera-programmer.dir/opt/pico-sdk/src/rp2_common/pico_cxx_options/new_delete.cpp.o
LOAD CMakeFiles/vera-programmer.dir/opt/pico-sdk/src/rp2_common/pico_standard_binary_info/standard_binary_info.c.o
LOAD CMakeFiles/vera-programmer.dir/opt/pico-sdk/src/rp2_common/pico_printf/printf.c.o
LOAD CMakeFiles/vera-programmer.dir/opt/pico-sdk/src/rp2_common/pico_crt0/crt0.S.o
LOAD CMakeFiles/vera-programmer.dir/opt/pico-sdk/src/rp2_common/pico_clib_interface/newlib_interface.c.o
LOAD CMakeFiles/vera-programmer.dir/opt/pico-sdk/src/rp2_common/pico_stdio/stdio.c.o
LOAD CMakeFiles/vera-programmer.dir/opt/pico-sdk/src/rp2_common/pico_stdio_usb/reset_interface.c.o
LOAD CMakeFiles/vera-programmer.dir/opt/pico-sdk/src/rp2_common/pico_stdio_usb/stdio_usb.c.o
LOAD CMakeFiles/vera-programmer.dir/opt/pico-sdk/src/rp2_common/pico_stdio_usb/stdio_usb_descriptors.c.o
LOAD CMakeFiles/vera-programmer.dir/opt/pico-sdk/src/rp2_common/pico_unique_id/unique_id.c.o
LOAD CMakeFiles/vera-programmer.dir/opt/pico-sdk/src/rp2_common/hardware_flash/flash.c.o
LOAD CMakeFiles/vera-programmer.dir/opt/pico-sdk/src/rp2_common/hardware_xip_cache/xip_cache.c.o
LOAD CMakeFiles/vera-programmer.dir/opt/pico-sdk/lib/tinyusb/src/portable/raspberrypi/rp2040/dcd_rp2040.c.o
LOAD CMakeFiles/vera-programmer.dir/opt/pico-sdk/lib/tinyusb/src/portable/raspberrypi/rp2040/rp2040_usb.c.o
LOAD CMakeFiles/vera-programmer.dir/opt/pico-sdk/lib/tinyusb/src/device/usbd.c.o
LOAD CMakeFiles/vera-programmer.dir/opt/pico-sdk/lib/tinyusb/src/device/usbd_control.c.o
LOAD CMakeFiles/vera-programmer.dir/opt/pico-sdk/lib/tinyusb/src/class/audio/audio_device.c.o
LOAD CMakeFiles/vera-programmer.dir/opt/pico-sdk/lib/tinyusb/src/class/cdc/cdc_device.c.o
LOAD CMakeFiles/vera-programmer.dir/opt/pico-sdk/lib/tinyusb/src/class/dfu/dfu_device.c.o
LOAD CMakeFiles/vera-programmer.dir/opt/pico-sdk/lib/tinyusb/src/class/dfu/dfu_rt_device.c.o
LOAD CMakeFiles/vera-programmer.dir/opt/pico-sdk/lib/tinyusb/src/class/hid/hid_device.c.o
LOAD CMakeFiles/vera-programmer.dir/opt/pico-sdk/lib/tinyusb/src/class/midi/midi_device.c.o
LOAD CMakeFiles/vera-programmer.dir/opt/pico-sdk/lib/tinyusb/src/class/msc/msc_device.c.o
LOAD CMakeFiles/vera-programmer.dir/opt/pico-sdk/lib/tinyusb/src/class/net/ecm_rndis_device.c.o
LOAD CMakeFiles/vera-programmer.dir/opt/pico-sdk/lib/tinyusb/src/class/net/ncm_device.c.o
LOAD CMakeFiles/vera-programmer.dir/opt/pico-sdk/lib/tinyusb/src/class/usbtmc/usbtmc_device.c.o
LOAD CMakeFiles/vera-programmer.dir/opt/pico-sdk/lib/tinyusb/src/class/vendor/vendor_device.c.o
LOAD CMakeFiles/vera-programmer.dir/opt/pico-sdk/lib/tinyusb/src/class/video/video_device.c.o
LOAD CMakeFiles/vera-programmer.dir/opt/pico-sdk/lib/tinyusb/src/tusb.c.o
LOAD CMakeFiles/vera-programmer.dir/opt/pico-sdk/lib/tinyusb/src/common/tusb_fifo.c.o
LOAD CMakeFiles/vera-programmer.dir/opt/pico-sdk/src/rp2_common/pico_fix/rp2040_usb_device_enumeration/rp2040_usb_device_enumeration.c.o
LOAD CMakeFiles/vera-programmer.dir/opt/pico-sdk/src/rp2_common/hardware_spi/spi.c.o
LOAD pico-sdk/src/rp2350/boot_stage2/CMakeFiles/bs2_default_library.dir/bs2_default_padded_checksummed.S.o
LOAD /usr/lib/gcc/arm-none-eabi/13.2.1/../../../arm-none-eabi/lib/thumb/v8-m.main+fp/softfp/libstdc++.a
LOAD /usr/lib/gcc/arm-none-eabi/13.2.1/../../../arm-none-eabi/lib/thumb/v8-m.main+fp/softfp/libm.a
START GROUP
LOAD /usr/lib/gcc/arm-none-eabi/13.2.1/thumb/v8-m.main+fp/softfp/libgcc.a
LOAD /usr/lib/gcc/arm-none-eabi/13.2.1/../../../arm-none-eabi/lib/thumb/v8-m.main+fp/softfp/libg.a
LOAD /usr/lib/gcc/arm-none-eabi/13.2.1/../../../arm-none-eabi/lib/thumb/v8-m.main+fp/softfp/libc.a
END GROUP
START GROUP
LOAD /usr/lib/gcc/arm-none-eabi/13.2.1/thumb/v8-m.main+fp/softfp/libgcc.a
LOAD /usr/lib/gcc/arm-none-eabi/13.2.1/../../../arm-none-eabi/lib/thumb/v8-m.main+fp/softfp/libc.a
LOAD /usr/lib/gcc/arm-none-eabi/13.2.1/../../../arm-none-eabi/lib/thumb/v8-m.main+fp/softfp/libnosys.a
END GROUP
LOAD /usr/lib/gcc/arm-none-eabi/13.2.1/thumb/v8-m.main+fp/softfp/crtend.o
LOAD /usr/lib/gcc/arm-none-eabi/13.2.1/thumb/v8-m.main+fp/softfp/crtn.o
OUTPUT(vera-programmer.elf elf32-littlearm)
LOAD linker stubs

.rel.dyn        0x100061ac        0x0
 .rel.iplt      0x100061ac        0x0 /usr/lib/gcc/arm-none-eabi/13.2.1/thumb/v8-m.main+fp/softfp/crtbegin.o

.ARM.attributes
                0x00000000       0x34
 .ARM.attributes
                0x00000000       0x26 /usr/lib/gcc/arm-none-eabi/13.2.1/thumb/v8-m.main+fp/softfp/crti.o
 .ARM.attributes
                0x00000026       0x36 /usr/lib/gcc/arm-none-eabi/13.2.1/thumb/v8-m.main+fp/softfp/crtbegin.o
 .ARM.attributes
                0x0000005c       0x38 CMakeFiles/vera-programmer.dir/main.c.o
 .ARM.attributes
                0x00000094       0x38 CMakeFiles/vera-programmer.dir/commands.c.o
 .ARM.attributes
                0x000000cc       0x38 CMakeFiles/vera-programmer.dir/flash.c.o
 .ARM.attributes
                0x00000104       0x38 CMakeFiles/vera-programmer.dir/opt/pico-sdk/src/rp2_common/hardware_gpio/gpio.c.o
 .ARM.attributes
                0x0000013c       0x38 CMakeFiles/vera-programmer.dir/opt/pico-sdk/src/rp2_common/pico_platform_panic/panic.c.o
 .ARM.attributes
                0x00000174       0x38 CMakeFiles/vera-programmer.dir/opt/pico-sdk/src/common/hardware_claim/claim.c.o
 .ARM.attributes
                0x000001ac       0x38 CMakeFiles/vera-programmer.dir/opt/pico-sdk/src/rp2_common/hardware_sync/sync.c.o
 .ARM.attributes
                0x000001e4       0x38 CMakeFiles/vera-programmer.dir/opt/pico-sdk/src/rp2_common/hardware_sync_spin_lock/sync_spin_lock.c.o
 .ARM.attributes
                0x0000021c       0x38 CMakeFiles/vera-programmer.dir/opt/pico-sdk/src/rp2_common/hardware_irq/irq.c.o
 .ARM.attributes
                0x00000254       0x28 CMakeFiles/vera-programmer.dir/opt/pico-sdk/src/rp2_common/hardware_irq/irq_handler_chain.S.o
 .ARM.attributes
                0x0000027c       0x38 CMakeFiles/vera-programmer.dir/opt/pico-sdk/src/common/pico_sync/lock_core.c.o
 .ARM.attributes
                0x000002b4       0x38 CMakeFiles/vera-programmer.dir/opt/pico-sdk/src/common/pico_sync/mutex.c.o
 .ARM.attributes
                0x000002ec       0x38 CMakeFiles/vera-programmer.dir/opt/pico-sdk/src/common/pico_sync/critical_section.c.o
 .ARM.attributes
                0x00000324       0x38 CMakeFiles/vera-programmer.dir/opt/pico-sdk/src/common/pico_time/time.c.o
 .ARM.attributes
                0x0000035c       0x38 CMakeFiles/vera-programmer.dir/opt/pico-sdk/src/rp2_common/hardware_timer/timer.c.o
 .ARM.attributes
                0x00000394       0x38 CMakeFiles/vera-programmer.dir/opt/pico-sdk/src/rp2_common/hardware_clocks/clocks.c.o
 .ARM.attributes
                0x000003cc       0x38 CMakeFiles/vera-programmer.dir/opt/pico-sdk/src/rp2_common/hardware_pll/pll.c.o
 .ARM.attributes
                0x00000404       0x38 CMakeFiles/vera-programmer.dir/opt/pico-sdk/src/rp2_common/hardware_watchdog/watchdog.c.o
 .ARM.attributes
                0x0000043c       0x38 CMakeFiles/vera-programmer.dir/opt/pico-sdk/src/rp2_common/hardware_ticks/ticks.c.o
 .ARM.attributes
                0x00000474       0x38 CMakeFiles/vera-programmer.dir/opt/pico-sdk/src/rp2_common/pico_bootrom/bootrom.c.o
 .ARM.attributes
                0x000004ac       0x38 CMakeFiles/vera-programmer.dir/opt/pico-sdk/src/rp2_common/pico_bootrom/bootrom_lock.c.o
 .ARM.attributes
                0x000004e4       0x38 CMakeFiles/vera-programmer.dir/opt/pico-sdk/src/rp2_common/hardware_boot_lock/boot_lock.c.o
 .ARM.attributes
                0x0000051c       0x38 CMakeFiles/vera-programmer.dir/opt/pico-sdk/src/rp2_common/hardware_xosc/xosc.c.o
 .ARM.attributes
                0x00000554       0x38 CMakeFiles/vera-programmer.dir/opt/pico-sdk/src/rp2_common/pico_runtime/runtime.c.o
 .ARM.attributes
                0x0000058c       0x38 CMakeFiles/vera-programmer.dir/opt/pico-sdk/src/rp2_common/pico_runtime_init/runtime_init.c.o
 .ARM.attributes
                0x000005c4       0x38 CMakeFiles/vera-programmer.dir/opt/pico-sdk/src/rp2_common/pico_runtime_init/runtime_init_clocks.c.o
 .ARM.attributes
                0x000005fc       0x38 CMakeFiles/vera-programmer.dir/opt/pico-sdk/src/rp2_common/pico_standard_binary_info/standard_binary_info.c.o
 .ARM.attributes
                0x00000634       0x38 CMakeFiles/vera-programmer.dir/opt/pico-sdk/src/rp2_common/pico_printf/printf.c.o
 .ARM.attributes
                0x0000066c       0x28 CMakeFiles/vera-programmer.dir/opt/pico-sdk/src/rp2_common/pico_crt0/crt0.S.o
 .ARM.attributes
                0x00000694       0x38 CMakeFiles/vera-programmer.dir/opt/pico-sdk/src/rp2_common/pico_clib_interface/newlib_interface.c.o
 .ARM.attributes
                0x000006cc       0x38 CMakeFiles/vera-programmer.dir/opt/pico-sdk/src/rp2_common/pico_stdio/stdio.c.o
 .ARM.attributes
                0x00000704       0x38 CMakeFiles/vera-programmer.dir/opt/pico-sdk/src/rp2_common/pico_stdio_usb/reset_interface.c.o
 .ARM.attributes
                0x0000073c       0x38 CMakeFiles/vera-programmer.dir/opt/pico-sdk/src/rp2_common/pico_stdio_usb/stdio_usb.c.o
 .ARM.attributes
                0x00000774       0x38 CMakeFiles/vera-programmer.dir/opt/pico-sdk/src/rp2_common/pico_stdio_usb/stdio_usb_descriptors.c.o
 .ARM.attributes
                0x000007ac       0x38 CMakeFiles/vera-programmer.dir/opt/pico-sdk/src/rp2_common/pico_unique_id/unique_id.c.o
 .ARM.attributes
                0x000007e4       0x38 CMakeFiles/vera-programmer.dir/opt/pico-sdk/lib/tinyusb/src/portable/raspberrypi/rp2040/dcd_rp2040.c.o
 .ARM.attributes
                0x0000081c       0x38 CMakeFiles/vera-programmer.dir/opt/pico-sdk/lib/tinyusb/src/portable/raspberrypi/rp2040/rp2040_usb.c.o
 .ARM.attributes
                0x00000854       0x38 CMakeFiles/vera-programmer.dir/opt/pico-sdk/lib/tinyusb/src/device/usbd.c.o
 .ARM.attributes
                0x0000088c       0x38 CMakeFiles/vera-programmer.dir/opt/pico-sdk/lib/tinyusb/src/device/usbd_control.c.o
 .ARM.attributes
                0x000008c4       0x38 CMakeFiles/vera-programmer.dir/opt/pico-sdk/lib/tinyusb/src/class/cdc/cdc_device.c.o
 .ARM.attributes
                0x000008fc       0x38 CMakeFiles/vera-programmer.dir/opt/pico-sdk/lib/tinyusb/src/class/vendor/vendor_device.c.o
 .ARM.attributes
                0x00000934       0x38 CMakeFiles/vera-programmer.dir/opt/pico-sdk/lib/tinyusb/src/tusb.c.o
 .ARM.attributes
                0x0000096c       0x38 CMakeFiles/vera-programmer.dir/opt/pico-sdk/lib/tinyusb/src/common/tusb_fifo.c.o
 .ARM.attributes
                0x000009a4       0x38 CMakeFiles/vera-programmer.dir/opt/pico-sdk/src/rp2_common/hardware_spi/spi.c.o
 .ARM.attributes
                0x000009dc       0x36 /usr/lib/gcc/arm-none-eabi/13.2.1/../../../arm-none-eabi/lib/thumb/v8-m.main+fp/softfp/libg.a(libc_a-memset.o)
 .ARM.attributes
                0x00000a12       0x24 /usr/lib/gcc/arm-none-eabi/13.2.1/../../../arm-none-eabi/lib/thumb/v8-m.main+fp/softfp/libg.a(libc_a-memcpy.o)
 .ARM.attributes
                0x00000a36       0x36 /usr/lib/gcc/arm-none-eabi/13.2.1/../../../arm-none-eabi/lib/thumb/v8-m.main+fp/softfp/libg.a(libc_a-atexit.o)
 .ARM.attributes
                0x00000a6c       0x36 /usr/lib/gcc/arm-none-eabi/13.2.1/../../../arm-none-eabi/lib/thumb/v8-m.main+fp/softfp/libg.a(libc_a-strlen-stub.o)
 .ARM.attributes
                0x00000aa2       0x36 /usr/lib/gcc/arm-none-eabi/13.2.1/../../../arm-none-eabi/lib/thumb/v8-m.main+fp/softfp/libg.a(libc_a-fini.o)
 .ARM.attributes
                0x00000ad8       0x36 /usr/lib/gcc/arm-none-eabi/13.2.1/../../../arm-none-eabi/lib/thumb/v8-m.main+fp/softfp/libg.a(libc_a-__atexit.o)
 .ARM.attributes
                0x00000b0e       0x36 /usr/lib/gcc/arm-none-eabi/13.2.1/../../../arm-none-eabi/lib/thumb/v8-m.main+fp/softfp/libg.a(libc_a-__call_atexit.o)
 .ARM.attributes
                0x00000b44       0x36 /usr/lib/gcc/arm-none-eabi/13.2.1/thumb/v8-m.main+fp/softfp/crtend.o

.comment        0x00000000       0x26
 .comment       0x00000000       0x26 /usr/lib/gcc/arm-none-eabi/13.2.1/thumb/v8-m.main+fp/softfp/crtbegin.o
                                 0x27 (size before relaxing)
 .comment       0x00000026       0x27 CMakeFiles/vera-programmer.dir/main.c.o
 .comment       0x00000026       0x27 CMakeFiles/vera-programmer.dir/commands.c.o
 .comment       0x00000026       0x27 CMakeFiles/vera-programmer.dir/flash.c.o
 .comment       0x00000026       0x27 CMakeFiles/vera-programmer.dir/opt/pico-sdk/src/rp2_common/hardware_gpio/gpio.c.o
 .comment       0x00000026       0x27 CMakeFiles/vera-programmer.dir/opt/pico-sdk/src/rp2_common/pico_platform_panic/panic.c.o